	.text
	.syntax unified
	.eabi_attribute	67, "2.09"	@ Tag_conformance
	.cpu	cortex-m23
	.eabi_attribute	6, 16	@ Tag_CPU_arch
	.eabi_attribute	7, 77	@ Tag_CPU_arch_profile
	.eabi_attribute	8, 0	@ Tag_ARM_ISA_use
	.eabi_attribute	9, 3	@ Tag_THUMB_ISA_use
	.eabi_attribute	34, 0	@ Tag_CPU_unaligned_access
	.eabi_attribute	17, 1	@ Tag_ABI_PCS_GOT_use
	.eabi_attribute	20, 2	@ Tag_ABI_FP_denormal
	.eabi_attribute	21, 0	@ Tag_ABI_FP_exceptions
	.eabi_attribute	23, 1	@ Tag_ABI_FP_number_model
	.eabi_attribute	24, 1	@ Tag_ABI_align_needed
	.eabi_attribute	25, 1	@ Tag_ABI_align_preserved
	.eabi_attribute	38, 1	@ Tag_ABI_FP_16bit_format
	.eabi_attribute	18, 2	@ Tag_ABI_PCS_wchar_t
	.eabi_attribute	26, 1	@ Tag_ABI_enum_size
	.eabi_attribute	14, 0	@ Tag_ABI_PCS_R9_use
	.file	"hid_transfer.c"
	.file	1 "C:\\Keil_v5\\ARM\\ARMCLANG\\Bin\\..\\include" "stdint.h"
	.file	2 "D:\\Github Projeleri\\Bootloader\\Nuvoton\\KEIL" "../hid_transfer.c"
	.file	3 "D:/Software Tools/Keil/Nuvoton/Library/Device/Nuvoton/M251/Include" "usbd_reg.h"
	.section	.text.USBD_IRQHandler,"ax",%progbits
	.hidden	USBD_IRQHandler                 @ -- Begin function USBD_IRQHandler
	.globl	USBD_IRQHandler
	.p2align	2
	.type	USBD_IRQHandler,%function
	.code	16                              @ @USBD_IRQHandler
	.thumb_func
USBD_IRQHandler:
.Lfunc_begin0:
	.loc	2 21 0                          @ ../hid_transfer.c:21:0
	.fnstart
	.cfi_sections .debug_frame
	.cfi_startproc
@ %bb.0:
	.save	{r4, r5, r6, lr}
	push	{r4, r5, r6, lr}
	.cfi_def_cfa_offset 16
	.cfi_offset lr, -4
	.cfi_offset r6, -8
	.cfi_offset r5, -12
	.cfi_offset r4, -16
	ldr	r4, __arm_cp.0_0
.Ltmp0:
	.loc	2 22 26 prologue_end            @ ../hid_transfer.c:22:26
	ldr	r5, [r4]
.Ltmp1:
	@DEBUG_VALUE: USBD_IRQHandler:u32IntSts <- $r5
	.loc	2 23 25                         @ ../hid_transfer.c:23:25
	ldr	r6, [r4, #12]
.Ltmp2:
	@DEBUG_VALUE: USBD_IRQHandler:u32State <- [DW_OP_constu 12303, DW_OP_and, DW_OP_stack_value] $r6
	.loc	2 26 9                          @ ../hid_transfer.c:26:9
	lsls	r0, r5, #29
	bpl	.LBB0_5
.Ltmp3:
@ %bb.1:
	@DEBUG_VALUE: USBD_IRQHandler:u32State <- [DW_OP_constu 12303, DW_OP_and, DW_OP_stack_value] $r6
	@DEBUG_VALUE: USBD_IRQHandler:u32IntSts <- $r5
	.loc	2 0 9 is_stmt 0                 @ ../hid_transfer.c:0:9
	movs	r0, #4
.Ltmp4:
	.loc	2 29 9 is_stmt 1                @ ../hid_transfer.c:29:9
	str	r0, [r4]
.Ltmp5:
	.loc	2 31 13                         @ ../hid_transfer.c:31:13
	ldr	r1, [r4, #16]
	.loc	2 0 0 is_stmt 0                 @ ../hid_transfer.c:0:0
	ldr	r0, [r4, #12]
.Ltmp6:
	.loc	2 31 13                         @ ../hid_transfer.c:31:13
	lsls	r1, r1, #31
	beq	.LBB0_3
.Ltmp7:
@ %bb.2:
	@DEBUG_VALUE: USBD_IRQHandler:u32State <- [DW_OP_constu 12303, DW_OP_and, DW_OP_stack_value] $r6
	@DEBUG_VALUE: USBD_IRQHandler:u32IntSts <- $r5
	.loc	2 0 13                          @ ../hid_transfer.c:0:13
	movw	r1, #2000
	orrs	r0, r1
	b	.LBB0_4
.Ltmp8:
.LBB0_3:
	@DEBUG_VALUE: USBD_IRQHandler:u32State <- [DW_OP_constu 12303, DW_OP_and, DW_OP_stack_value] $r6
	@DEBUG_VALUE: USBD_IRQHandler:u32IntSts <- $r5
	movs	r1, #128
	bics	r0, r1
.Ltmp9:
.LBB0_4:
	@DEBUG_VALUE: USBD_IRQHandler:u32State <- [DW_OP_constu 12303, DW_OP_and, DW_OP_stack_value] $r6
	@DEBUG_VALUE: USBD_IRQHandler:u32IntSts <- $r5
	str	r0, [r4, #12]
.Ltmp10:
.LBB0_5:
	@DEBUG_VALUE: USBD_IRQHandler:u32State <- [DW_OP_constu 12303, DW_OP_and, DW_OP_stack_value] $r6
	@DEBUG_VALUE: USBD_IRQHandler:u32IntSts <- $r5
	.loc	2 44 9 is_stmt 1                @ ../hid_transfer.c:44:9
	lsls	r0, r5, #31
	beq	.LBB0_12
.Ltmp11:
@ %bb.6:
	@DEBUG_VALUE: USBD_IRQHandler:u32State <- [DW_OP_constu 12303, DW_OP_and, DW_OP_stack_value] $r6
	@DEBUG_VALUE: USBD_IRQHandler:u32IntSts <- $r5
	.loc	2 0 9 is_stmt 0                 @ ../hid_transfer.c:0:9
	movs	r0, #1
.Ltmp12:
	.loc	2 47 9 is_stmt 1                @ ../hid_transfer.c:47:9
	str	r0, [r4]
	.loc	2 49 13                         @ ../hid_transfer.c:49:13
	lsls	r0, r6, #31
	beq	.LBB0_8
.Ltmp13:
@ %bb.7:
	@DEBUG_VALUE: USBD_IRQHandler:u32State <- [DW_OP_constu 12303, DW_OP_and, DW_OP_stack_value] $r6
	@DEBUG_VALUE: USBD_IRQHandler:u32IntSts <- $r5
	.loc	2 52 13                         @ ../hid_transfer.c:52:13
	ldr	r0, [r4, #12]
	movw	r1, #2000
	orrs	r1, r0
	str	r1, [r4, #12]
	.loc	2 53 13                         @ ../hid_transfer.c:53:13
	bl	USBD_SwReset
.Ltmp14:
.LBB0_8:
	@DEBUG_VALUE: USBD_IRQHandler:u32State <- [DW_OP_constu 12303, DW_OP_and, DW_OP_stack_value] $r6
	@DEBUG_VALUE: USBD_IRQHandler:u32IntSts <- $r5
	.loc	2 56 13                         @ ../hid_transfer.c:56:13
	lsls	r0, r6, #30
	bpl	.LBB0_10
.Ltmp15:
@ %bb.9:
	@DEBUG_VALUE: USBD_IRQHandler:u32State <- [DW_OP_constu 12303, DW_OP_and, DW_OP_stack_value] $r6
	@DEBUG_VALUE: USBD_IRQHandler:u32IntSts <- $r5
	.loc	2 59 13                         @ ../hid_transfer.c:59:13
	ldr	r0, [r4, #12]
	movs	r1, #16
	bics	r0, r1
	str	r0, [r4, #12]
.Ltmp16:
.LBB0_10:
	@DEBUG_VALUE: USBD_IRQHandler:u32State <- [DW_OP_constu 12303, DW_OP_and, DW_OP_stack_value] $r6
	@DEBUG_VALUE: USBD_IRQHandler:u32IntSts <- $r5
	.loc	2 62 13                         @ ../hid_transfer.c:62:13
	lsls	r0, r6, #29
	bpl	.LBB0_12
.Ltmp17:
@ %bb.11:
	@DEBUG_VALUE: USBD_IRQHandler:u32State <- [DW_OP_constu 12303, DW_OP_and, DW_OP_stack_value] $r6
	@DEBUG_VALUE: USBD_IRQHandler:u32IntSts <- $r5
	.loc	2 65 13                         @ ../hid_transfer.c:65:13
	ldr	r0, [r4, #12]
	movw	r1, #2000
	orrs	r1, r0
	str	r1, [r4, #12]
.Ltmp18:
.LBB0_12:
	@DEBUG_VALUE: USBD_IRQHandler:u32State <- [DW_OP_constu 12303, DW_OP_and, DW_OP_stack_value] $r6
	@DEBUG_VALUE: USBD_IRQHandler:u32IntSts <- $r5
	.loc	2 70 9                          @ ../hid_transfer.c:70:9
	lsls	r0, r5, #28
	bpl	.LBB0_14
.Ltmp19:
@ %bb.13:
	@DEBUG_VALUE: USBD_IRQHandler:u32State <- [DW_OP_constu 12303, DW_OP_and, DW_OP_stack_value] $r6
	@DEBUG_VALUE: USBD_IRQHandler:u32IntSts <- $r5
	.loc	2 0 9 is_stmt 0                 @ ../hid_transfer.c:0:9
	movs	r0, #8
.Ltmp20:
	.loc	2 73 9 is_stmt 1                @ ../hid_transfer.c:73:9
	str	r0, [r4]
.Ltmp21:
.LBB0_14:
	@DEBUG_VALUE: USBD_IRQHandler:u32State <- [DW_OP_constu 12303, DW_OP_and, DW_OP_stack_value] $r6
	@DEBUG_VALUE: USBD_IRQHandler:u32IntSts <- $r5
	.loc	2 76 9                          @ ../hid_transfer.c:76:9
	lsls	r0, r5, #30
	bpl	.LBB0_33
.Ltmp22:
@ %bb.15:
	@DEBUG_VALUE: USBD_IRQHandler:u32State <- [DW_OP_constu 12303, DW_OP_and, DW_OP_stack_value] $r6
	@DEBUG_VALUE: USBD_IRQHandler:u32IntSts <- $r5
	.loc	2 79 13                         @ ../hid_transfer.c:79:13
	cmp	r5, #0
	bpl	.LBB0_17
.Ltmp23:
@ %bb.16:
	@DEBUG_VALUE: USBD_IRQHandler:u32State <- [DW_OP_constu 12303, DW_OP_and, DW_OP_stack_value] $r6
	@DEBUG_VALUE: USBD_IRQHandler:u32IntSts <- $r5
	.loc	2 0 13 is_stmt 0                @ ../hid_transfer.c:0:13
	movs	r0, #1
	lsls	r1, r0, #31
.Ltmp24:
	.loc	2 83 13 is_stmt 1               @ ../hid_transfer.c:83:13
	str	r1, [r4]
	ldr	r1, __arm_cp.0_1
	.loc	2 85 13                         @ ../hid_transfer.c:85:13
	ldr	r2, [r1]
	orrs	r2, r0
	str	r2, [r1]
	.loc	2 86 13                         @ ../hid_transfer.c:86:13
	ldr	r2, [r1, #16]
	orrs	r2, r0
	str	r2, [r1, #16]
	.loc	2 87 13                         @ ../hid_transfer.c:87:13
	bl	USBD_ProcessSetupPacket
.Ltmp25:
.LBB0_17:
	@DEBUG_VALUE: USBD_IRQHandler:u32State <- [DW_OP_constu 12303, DW_OP_and, DW_OP_stack_value] $r6
	@DEBUG_VALUE: USBD_IRQHandler:u32IntSts <- $r5
	.loc	2 0 13 is_stmt 0                @ ../hid_transfer.c:0:13
	movs	r6, #1
.Ltmp26:
	.loc	2 91 13 is_stmt 1               @ ../hid_transfer.c:91:13
	lsls	r0, r5, #15
	bpl	.LBB0_19
.Ltmp27:
@ %bb.18:
	@DEBUG_VALUE: USBD_IRQHandler:u32IntSts <- $r5
	.loc	2 0 13 is_stmt 0                @ ../hid_transfer.c:0:13
	lsls	r0, r6, #16
.Ltmp28:
	.loc	2 94 13 is_stmt 1               @ ../hid_transfer.c:94:13
	str	r0, [r4]
	.loc	2 96 13                         @ ../hid_transfer.c:96:13
	bl	USBD_CtrlIn
.Ltmp29:
.LBB0_19:
	@DEBUG_VALUE: USBD_IRQHandler:u32IntSts <- $r5
	.loc	2 99 13                         @ ../hid_transfer.c:99:13
	lsls	r0, r5, #14
	bpl	.LBB0_21
.Ltmp30:
@ %bb.20:
	@DEBUG_VALUE: USBD_IRQHandler:u32IntSts <- $r5
	.loc	2 0 13 is_stmt 0                @ ../hid_transfer.c:0:13
	lsls	r0, r6, #17
.Ltmp31:
	.loc	2 102 13 is_stmt 1              @ ../hid_transfer.c:102:13
	str	r0, [r4]
	.loc	2 104 13                        @ ../hid_transfer.c:104:13
	bl	USBD_CtrlOut
.Ltmp32:
.LBB0_21:
	@DEBUG_VALUE: USBD_IRQHandler:u32IntSts <- $r5
	.loc	2 107 13                        @ ../hid_transfer.c:107:13
	lsls	r0, r5, #13
	bpl	.LBB0_23
.Ltmp33:
@ %bb.22:
	@DEBUG_VALUE: USBD_IRQHandler:u32IntSts <- $r5
	.loc	2 0 13 is_stmt 0                @ ../hid_transfer.c:0:13
	lsls	r0, r6, #18
.Ltmp34:
	.loc	2 110 13 is_stmt 1              @ ../hid_transfer.c:110:13
	str	r0, [r4]
.Ltmp35:
.LBB0_23:
	@DEBUG_VALUE: USBD_IRQHandler:u32IntSts <- $r5
	.loc	2 115 13                        @ ../hid_transfer.c:115:13
	lsls	r0, r5, #12
	bpl	.LBB0_25
.Ltmp36:
@ %bb.24:
	@DEBUG_VALUE: USBD_IRQHandler:u32IntSts <- $r5
	.loc	2 0 13 is_stmt 0                @ ../hid_transfer.c:0:13
	lsls	r0, r6, #19
.Ltmp37:
	.loc	2 118 13 is_stmt 1              @ ../hid_transfer.c:118:13
	str	r0, [r4]
	.loc	2 120 13                        @ ../hid_transfer.c:120:13
	bl	EP3_Handler
.Ltmp38:
.LBB0_25:
	@DEBUG_VALUE: USBD_IRQHandler:u32IntSts <- $r5
	.loc	2 123 13                        @ ../hid_transfer.c:123:13
	lsls	r0, r5, #11
	bpl	.LBB0_27
.Ltmp39:
@ %bb.26:
	@DEBUG_VALUE: USBD_IRQHandler:u32IntSts <- $r5
	.loc	2 0 13 is_stmt 0                @ ../hid_transfer.c:0:13
	lsls	r0, r6, #20
.Ltmp40:
	.loc	2 126 13 is_stmt 1              @ ../hid_transfer.c:126:13
	str	r0, [r4]
.Ltmp41:
.LBB0_27:
	@DEBUG_VALUE: USBD_IRQHandler:u32IntSts <- $r5
	.loc	2 129 13                        @ ../hid_transfer.c:129:13
	lsls	r0, r5, #10
	bpl	.LBB0_29
.Ltmp42:
@ %bb.28:
	@DEBUG_VALUE: USBD_IRQHandler:u32IntSts <- $r5
	.loc	2 0 13 is_stmt 0                @ ../hid_transfer.c:0:13
	lsls	r0, r6, #21
.Ltmp43:
	.loc	2 132 13 is_stmt 1              @ ../hid_transfer.c:132:13
	str	r0, [r4]
.Ltmp44:
.LBB0_29:
	@DEBUG_VALUE: USBD_IRQHandler:u32IntSts <- $r5
	.loc	2 135 13                        @ ../hid_transfer.c:135:13
	lsls	r0, r5, #9
	bpl	.LBB0_31
.Ltmp45:
@ %bb.30:
	@DEBUG_VALUE: USBD_IRQHandler:u32IntSts <- $r5
	.loc	2 0 13 is_stmt 0                @ ../hid_transfer.c:0:13
	lsls	r0, r6, #22
.Ltmp46:
	.loc	2 138 13 is_stmt 1              @ ../hid_transfer.c:138:13
	str	r0, [r4]
.Ltmp47:
.LBB0_31:
	@DEBUG_VALUE: USBD_IRQHandler:u32IntSts <- $r5
	.loc	2 141 13                        @ ../hid_transfer.c:141:13
	lsls	r0, r5, #8
	bpl	.LBB0_33
.Ltmp48:
@ %bb.32:
	@DEBUG_VALUE: USBD_IRQHandler:u32IntSts <- $r5
	.loc	2 0 13 is_stmt 0                @ ../hid_transfer.c:0:13
	lsls	r0, r6, #23
.Ltmp49:
	.loc	2 144 13 is_stmt 1              @ ../hid_transfer.c:144:13
	str	r0, [r4]
.Ltmp50:
.LBB0_33:
	@DEBUG_VALUE: USBD_IRQHandler:u32IntSts <- $r5
	.loc	2 147 1                         @ ../hid_transfer.c:147:1
	pop	{r4, r5, r6, pc}
.Ltmp51:
	.p2align	2
@ %bb.34:
	.loc	2 0 1 is_stmt 0                 @ ../hid_transfer.c:0:1
__arm_cp.0_0:
	.long	1074528260                      @ 0x400c0004
.Lcpi_end0:
	.size	__arm_cp.0_0, .Lcpi_end0-__arm_cp.0_0
__arm_cp.0_1:
	.long	1074529548                      @ 0x400c050c
.Lcpi_end1:
	.size	__arm_cp.0_1, .Lcpi_end1-__arm_cp.0_1
.Lfunc_end0:
	.size	USBD_IRQHandler, .Lfunc_end0-USBD_IRQHandler
	.cfi_endproc
	.cantunwind
	.fnend
                                        @ -- End function
	.section	.text.EP3_Handler,"ax",%progbits
	.hidden	EP3_Handler                     @ -- Begin function EP3_Handler
	.globl	EP3_Handler
	.p2align	2
	.type	EP3_Handler,%function
	.code	16                              @ @EP3_Handler
	.thumb_func
EP3_Handler:
.Lfunc_begin1:
	.loc	2 161 0 is_stmt 1               @ ../hid_transfer.c:161:0
	.fnstart
	.cfi_startproc
@ %bb.0:
	.save	{r4, r5, r7, lr}
	push	{r4, r5, r7, lr}
	.cfi_def_cfa_offset 16
	.cfi_offset lr, -4
	.cfi_offset r7, -8
	.cfi_offset r5, -12
	.cfi_offset r4, -16
	ldr	r4, __arm_cp.1_0
.Ltmp52:
	.loc	2 164 39 prologue_end           @ ../hid_transfer.c:164:39
	ldr	r0, [r4]
	ldr	r1, __arm_cp.1_1
	.loc	2 164 37 is_stmt 0              @ ../hid_transfer.c:164:37
	adds	r1, r0, r1
.Ltmp53:
	@DEBUG_VALUE: EP3_Handler:ptr <- $r1
	.loc	2 165 5 is_stmt 1               @ ../hid_transfer.c:165:5
	ldr	r5, __arm_cp.1_2
	adds	r0, r5, #4
	bl	USBD_MemCopy
.Ltmp54:
	.loc	2 0 5 is_stmt 0                 @ ../hid_transfer.c:0:5
	movs	r0, #1
	.loc	2 166 19 is_stmt 1              @ ../hid_transfer.c:166:19
	strb	r0, [r5]
	movs	r0, #64
	.loc	2 167 5                         @ ../hid_transfer.c:167:5
	str	r0, [r4, #4]
	.loc	2 168 1                         @ ../hid_transfer.c:168:1
	pop	{r4, r5, r7, pc}
.Ltmp55:
	.p2align	2
@ %bb.1:
	.loc	2 0 1 is_stmt 0                 @ ../hid_transfer.c:0:1
__arm_cp.1_0:
	.long	1074529584                      @ 0x400c0530
.Lcpi_end2:
	.size	__arm_cp.1_0, .Lcpi_end2-__arm_cp.1_0
__arm_cp.1_1:
	.long	1074528512                      @ 0x400c0100
.Lcpi_end3:
	.size	__arm_cp.1_1, .Lcpi_end3-__arm_cp.1_1
__arm_cp.1_2:
	.long	.L_MergedGlobals
.Lcpi_end4:
	.size	__arm_cp.1_2, .Lcpi_end4-__arm_cp.1_2
.Lfunc_end1:
	.size	EP3_Handler, .Lfunc_end1-EP3_Handler
	.cfi_endproc
	.cantunwind
	.fnend
                                        @ -- End function
	.section	.text.EP2_Handler,"ax",%progbits
	.hidden	EP2_Handler                     @ -- Begin function EP2_Handler
	.globl	EP2_Handler
	.p2align	2
	.type	EP2_Handler,%function
	.code	16                              @ @EP2_Handler
	.thumb_func
EP2_Handler:
.Lfunc_begin2:
	.loc	2 152 0 is_stmt 1               @ ../hid_transfer.c:152:0
	.fnstart
	.cfi_startproc
@ %bb.0:
	.save	{r4, lr}
	push	{r4, lr}
	.cfi_def_cfa_offset 8
	.cfi_offset lr, -4
	.cfi_offset r4, -8
	ldr	r4, __arm_cp.2_0
.Ltmp56:
	.loc	2 154 39 prologue_end           @ ../hid_transfer.c:154:39
	ldr	r0, [r4]
	ldr	r1, __arm_cp.2_1
	.loc	2 154 37 is_stmt 0              @ ../hid_transfer.c:154:37
	adds	r0, r0, r1
.Ltmp57:
	@DEBUG_VALUE: EP2_Handler:ptr <- $r0
	.loc	2 156 5 is_stmt 1               @ ../hid_transfer.c:156:5
	ldr	r1, __arm_cp.2_2
	bl	USBD_MemCopy
.Ltmp58:
	.loc	2 0 5 is_stmt 0                 @ ../hid_transfer.c:0:5
	movs	r0, #64
	.loc	2 157 5 is_stmt 1               @ ../hid_transfer.c:157:5
	str	r0, [r4, #4]
	.loc	2 158 1                         @ ../hid_transfer.c:158:1
	pop	{r4, pc}
.Ltmp59:
	.p2align	2
@ %bb.1:
	.loc	2 0 1 is_stmt 0                 @ ../hid_transfer.c:0:1
__arm_cp.2_0:
	.long	1074529568                      @ 0x400c0520
.Lcpi_end5:
	.size	__arm_cp.2_0, .Lcpi_end5-__arm_cp.2_0
__arm_cp.2_1:
	.long	1074528512                      @ 0x400c0100
.Lcpi_end6:
	.size	__arm_cp.2_1, .Lcpi_end6-__arm_cp.2_1
__arm_cp.2_2:
	.long	GidenData
.Lcpi_end7:
	.size	__arm_cp.2_2, .Lcpi_end7-__arm_cp.2_2
.Lfunc_end2:
	.size	EP2_Handler, .Lfunc_end2-EP2_Handler
	.cfi_endproc
	.cantunwind
	.fnend
                                        @ -- End function
	.section	.text.USBD_MemCopy,"ax",%progbits
	.p2align	1                               @ -- Begin function USBD_MemCopy
	.type	USBD_MemCopy,%function
	.code	16                              @ @USBD_MemCopy
	.thumb_func
USBD_MemCopy:
.Lfunc_begin3:
	.file	4 "D:/Software Tools/Keil/Nuvoton/Library/StdDriver/inc" "usbd.h"
	.loc	4 565 0 is_stmt 1               @ D:/Software Tools/Keil/Nuvoton/Library/StdDriver/inc\usbd.h:565:0
	.fnstart
	.cfi_startproc
@ %bb.0:
	@DEBUG_VALUE: USBD_MemCopy:dest <- $r0
	@DEBUG_VALUE: USBD_MemCopy:src <- $r1
	movs	r2, #0
	@DEBUG_VALUE: USBD_MemCopy:size <- 64
.Ltmp60:
.LBB3_1:                                @ =>This Inner Loop Header: Depth=1
	@DEBUG_VALUE: USBD_MemCopy:dest <- [DW_OP_LLVM_arg 0, DW_OP_LLVM_arg 0, DW_OP_plus, DW_OP_stack_value] undef
	@DEBUG_VALUE: USBD_MemCopy:src <- [DW_OP_LLVM_arg 0, DW_OP_LLVM_arg 0, DW_OP_plus, DW_OP_stack_value] undef
	@DEBUG_VALUE: USBD_MemCopy:size <- [DW_OP_consts 18446744073709551615, DW_OP_mul, DW_OP_consts 64, DW_OP_plus, DW_OP_constu 1, DW_OP_minus, DW_OP_stack_value] $r2
	.loc	4 566 5 prologue_end            @ D:/Software Tools/Keil/Nuvoton/Library/StdDriver/inc\usbd.h:566:5
	cmp	r2, #64
	beq	.LBB3_3
.Ltmp61:
@ %bb.2:                                @   in Loop: Header=BB3_1 Depth=1
	@DEBUG_VALUE: USBD_MemCopy:size <- [DW_OP_consts 18446744073709551615, DW_OP_mul, DW_OP_consts 64, DW_OP_plus, DW_OP_constu 1, DW_OP_minus, DW_OP_stack_value] $r2
	@DEBUG_VALUE: USBD_MemCopy:src <- [DW_OP_LLVM_arg 0, DW_OP_consts 1, DW_OP_LLVM_arg 0, DW_OP_plus, DW_OP_plus, DW_OP_stack_value] undef
	@DEBUG_VALUE: USBD_MemCopy:size <- [DW_OP_consts 18446744073709551615, DW_OP_mul, DW_OP_consts 63, DW_OP_plus, DW_OP_stack_value] $r2
	.loc	4 566 30 is_stmt 0              @ D:/Software Tools/Keil/Nuvoton/Library/StdDriver/inc\usbd.h:566:30
	ldrb	r3, [r1, r2]
.Ltmp62:
	@DEBUG_VALUE: USBD_MemCopy:dest <- [DW_OP_LLVM_arg 0, DW_OP_consts 1, DW_OP_LLVM_arg 0, DW_OP_plus, DW_OP_plus, DW_OP_stack_value] undef
	.loc	4 566 28                        @ D:/Software Tools/Keil/Nuvoton/Library/StdDriver/inc\usbd.h:566:28
	strb	r3, [r0, r2]
	.loc	4 566 5                         @ D:/Software Tools/Keil/Nuvoton/Library/StdDriver/inc\usbd.h:566:5
	adds	r2, r2, #1
.Ltmp63:
	.loc	4 0 5                           @ D:/Software Tools/Keil/Nuvoton/Library/StdDriver/inc\usbd.h:0:5
	b	.LBB3_1
.Ltmp64:
.LBB3_3:
	@DEBUG_VALUE: USBD_MemCopy:size <- [DW_OP_consts 18446744073709551615, DW_OP_mul, DW_OP_consts 64, DW_OP_plus, DW_OP_constu 1, DW_OP_minus, DW_OP_stack_value] $r2
	.loc	4 567 1 is_stmt 1               @ D:/Software Tools/Keil/Nuvoton/Library/StdDriver/inc\usbd.h:567:1
	bx	lr
.Ltmp65:
.Lfunc_end3:
	.size	USBD_MemCopy, .Lfunc_end3-USBD_MemCopy
	.cfi_endproc
	.cantunwind
	.fnend
                                        @ -- End function
	.section	.text.HID_Init,"ax",%progbits
	.hidden	HID_Init                        @ -- Begin function HID_Init
	.globl	HID_Init
	.p2align	2
	.type	HID_Init,%function
	.code	16                              @ @HID_Init
	.thumb_func
HID_Init:
.Lfunc_begin4:
	.loc	2 178 0                         @ ../hid_transfer.c:178:0
	.fnstart
	.cfi_startproc
@ %bb.0:
	ldr	r0, __arm_cp.4_0
	movs	r1, #0
.Ltmp66:
	.loc	2 181 20 prologue_end           @ ../hid_transfer.c:181:20
	str	r1, [r0]
	movw	r0, #544
	.loc	2 184 5                         @ ../hid_transfer.c:184:5
	movw	r1, #544
	adds	r1, #32
	ldr	r2, __arm_cp.4_1
	str	r1, [r2, #8]
	movs	r1, #8
	.loc	2 186 5                         @ ../hid_transfer.c:186:5
	str	r1, [r2]
	.loc	2 188 5                         @ ../hid_transfer.c:188:5
	str	r0, [r2, #24]
	.loc	2 190 5                         @ ../hid_transfer.c:190:5
	str	r1, [r2, #16]
	movs	r0, #65
	.loc	2 193 5                         @ ../hid_transfer.c:193:5
	str	r0, [r2, #40]
	movs	r0, #16
	.loc	2 195 5                         @ ../hid_transfer.c:195:5
	str	r0, [r2, #32]
	movs	r0, #34
	.loc	2 197 5                         @ ../hid_transfer.c:197:5
	str	r0, [r2, #56]
	movs	r0, #80
	.loc	2 199 5                         @ ../hid_transfer.c:199:5
	str	r0, [r2, #48]
	movs	r0, #64
	.loc	2 201 5                         @ ../hid_transfer.c:201:5
	str	r0, [r2, #52]
	.loc	2 202 1                         @ ../hid_transfer.c:202:1
	bx	lr
.Ltmp67:
	.p2align	2
@ %bb.1:
	.loc	2 0 1 is_stmt 0                 @ ../hid_transfer.c:0:1
__arm_cp.4_0:
	.long	1074528280                      @ 0x400c0018
.Lcpi_end8:
	.size	__arm_cp.4_0, .Lcpi_end8-__arm_cp.4_0
__arm_cp.4_1:
	.long	1074529536                      @ 0x400c0500
.Lcpi_end9:
	.size	__arm_cp.4_1, .Lcpi_end9-__arm_cp.4_1
.Lfunc_end4:
	.size	HID_Init, .Lfunc_end4-HID_Init
	.cfi_endproc
	.cantunwind
	.fnend
                                        @ -- End function
	.section	.text.HID_ClassRequest,"ax",%progbits
	.hidden	HID_ClassRequest                @ -- Begin function HID_ClassRequest
	.globl	HID_ClassRequest
	.p2align	2
	.type	HID_ClassRequest,%function
	.code	16                              @ @HID_ClassRequest
	.thumb_func
HID_ClassRequest:
.Lfunc_begin5:
	.loc	2 205 0 is_stmt 1               @ ../hid_transfer.c:205:0
	.fnstart
	.cfi_startproc
@ %bb.0:
	.save	{r4, lr}
	.pad	#8
	push	{r2, r3, r4, lr}
	.cfi_def_cfa_offset 16
	.cfi_offset lr, -4
	.cfi_offset r4, -8
	mov	r4, sp
.Ltmp68:
	.loc	2 207 5 prologue_end            @ ../hid_transfer.c:207:5
	mov	r0, r4
	bl	USBD_GetSetupPacket
.Ltmp69:
	.loc	2 209 9                         @ ../hid_transfer.c:209:9
	movs	r0, #0
	ldrsb	r1, [r4, r0]
.Ltmp70:
	.loc	2 209 9 is_stmt 0               @ ../hid_transfer.c:209:9
	cmp	r1, #0
	bmi	.LBB5_5
@ %bb.1:
	.loc	2 0 9                           @ ../hid_transfer.c:0:9
	mov	r1, sp
.Ltmp71:
	.loc	2 240 17 is_stmt 1              @ ../hid_transfer.c:240:17
	ldrb	r1, [r1, #1]
	.loc	2 240 9 is_stmt 0               @ ../hid_transfer.c:240:9
	cmp	r1, #10
	beq	.LBB5_7
@ %bb.2:
	cmp	r1, #9
	bne	.LBB5_5
@ %bb.3:
	.loc	2 0 9                           @ ../hid_transfer.c:0:9
	mov	r1, sp
.Ltmp72:
	.loc	2 244 21 is_stmt 1              @ ../hid_transfer.c:244:21
	ldrb	r1, [r1, #3]
.Ltmp73:
	.loc	2 244 21 is_stmt 0              @ ../hid_transfer.c:244:21
	cmp	r1, #3
	bne	.LBB5_6
@ %bb.4:
	.loc	2 0 21                          @ ../hid_transfer.c:0:21
	ldr	r1, __arm_cp.5_0
.Ltmp74:
	.loc	2 247 21 is_stmt 1              @ ../hid_transfer.c:247:21
	ldr	r2, [r1, #20]
	movs	r3, #128
	orrs	r3, r2
	str	r3, [r1, #20]
	.loc	2 248 21                        @ ../hid_transfer.c:248:21
	str	r0, [r1, #16]
.Ltmp75:
	.loc	2 276 1                         @ ../hid_transfer.c:276:1
	pop	{r2, r3, r4, pc}
.LBB5_5:
.Ltmp76:
	.loc	2 0 0 is_stmt 0                 @ ../hid_transfer.c:0:0
	bl	USBD_SetStall
.Ltmp77:
.LBB5_6:
	.loc	2 276 1                         @ ../hid_transfer.c:276:1
	pop	{r2, r3, r4, pc}
.LBB5_7:
	.loc	2 0 1                           @ ../hid_transfer.c:0:1
	ldr	r1, __arm_cp.5_0
.Ltmp78:
	.loc	2 257 17 is_stmt 1              @ ../hid_transfer.c:257:17
	ldr	r2, [r1, #4]
	movs	r3, #128
	orrs	r3, r2
	str	r3, [r1, #4]
	.loc	2 258 17                        @ ../hid_transfer.c:258:17
	str	r0, [r1]
.Ltmp79:
	.loc	2 276 1                         @ ../hid_transfer.c:276:1
	pop	{r2, r3, r4, pc}
.Ltmp80:
	.p2align	2
@ %bb.8:
	.loc	2 0 1 is_stmt 0                 @ ../hid_transfer.c:0:1
__arm_cp.5_0:
	.long	1074529540                      @ 0x400c0504
.Lcpi_end10:
	.size	__arm_cp.5_0, .Lcpi_end10-__arm_cp.5_0
.Lfunc_end5:
	.size	HID_ClassRequest, .Lfunc_end5-HID_ClassRequest
	.cfi_endproc
	.cantunwind
	.fnend
                                        @ -- End function
	.section	.text.USBD_SetStall,"ax",%progbits
	.p2align	2                               @ -- Begin function USBD_SetStall
	.type	USBD_SetStall,%function
	.code	16                              @ @USBD_SetStall
	.thumb_func
USBD_SetStall:
.Lfunc_begin6:
	.loc	4 581 0 is_stmt 1               @ D:/Software Tools/Keil/Nuvoton/Library/StdDriver/inc\usbd.h:581:0
	.fnstart
	.cfi_startproc
@ %bb.0:
	movs	r1, #13
	ldr	r0, __arm_cp.6_0
.Ltmp81:
	@DEBUG_VALUE: USBD_SetStall:i <- 0
	@DEBUG_VALUE: USBD_SetStall:epnum <- 0
.LBB6_1:                                @ =>This Inner Loop Header: Depth=1
	@DEBUG_VALUE: USBD_SetStall:epnum <- 0
	@DEBUG_VALUE: USBD_SetStall:i <- [DW_OP_consts 13, DW_OP_minus, DW_OP_consts 18446744073709551615, DW_OP_div, DW_OP_stack_value] $r1
	.loc	4 584 21 prologue_end           @ D:/Software Tools/Keil/Nuvoton/Library/StdDriver/inc\usbd.h:584:21
	subs	r1, r1, #1
.Ltmp82:
	.loc	4 584 5 is_stmt 0               @ D:/Software Tools/Keil/Nuvoton/Library/StdDriver/inc\usbd.h:584:5
	beq	.LBB6_4
.Ltmp83:
@ %bb.2:                                @   in Loop: Header=BB6_1 Depth=1
	@DEBUG_VALUE: USBD_SetStall:epnum <- 0
	.loc	4 589 18 is_stmt 1              @ D:/Software Tools/Keil/Nuvoton/Library/StdDriver/inc\usbd.h:589:18
	ldr	r2, [r0, #12]
.Ltmp84:
	.loc	4 0 0 is_stmt 0                 @ D:/Software Tools/Keil/Nuvoton/Library/StdDriver/inc\usbd.h:0:0
	adds	r0, #16
.Ltmp85:
	@DEBUG_VALUE: u32Cfg <- $r2
	@DEBUG_VALUE: u32CfgAddr <- [DW_OP_consts 13, DW_OP_minus, DW_OP_consts 18446744073709551615, DW_OP_div, DW_OP_consts 16, DW_OP_mul, DW_OP_consts 1074529544, DW_OP_plus, DW_OP_stack_value] $r1
	@DEBUG_VALUE: USBD_SetStall:i <- [DW_OP_consts 13, DW_OP_minus, DW_OP_consts 18446744073709551615, DW_OP_div, DW_OP_consts 1, DW_OP_plus, DW_OP_stack_value] $r1
	.loc	4 591 13 is_stmt 1              @ D:/Software Tools/Keil/Nuvoton/Library/StdDriver/inc\usbd.h:591:13
	lsls	r2, r2, #28
.Ltmp86:
	bne	.LBB6_1
.Ltmp87:
@ %bb.3:
	@DEBUG_VALUE: USBD_SetStall:i <- [DW_OP_consts 13, DW_OP_minus, DW_OP_consts 18446744073709551615, DW_OP_div, DW_OP_consts 1, DW_OP_plus, DW_OP_stack_value] $r1
	@DEBUG_VALUE: u32CfgAddr <- [DW_OP_consts 13, DW_OP_minus, DW_OP_consts 18446744073709551615, DW_OP_div, DW_OP_consts 16, DW_OP_mul, DW_OP_consts 1074529544, DW_OP_plus, DW_OP_stack_value] $r1
	@DEBUG_VALUE: USBD_SetStall:epnum <- 0
	@DEBUG_VALUE: u32CfgAddr <- [DW_OP_constu 4, DW_OP_shl, DW_OP_plus_uconst 1074529548, DW_OP_stack_value] undef
	.loc	4 594 22                        @ D:/Software Tools/Keil/Nuvoton/Library/StdDriver/inc\usbd.h:594:22
	ldr	r1, [r0]
.Ltmp88:
	@DEBUG_VALUE: u32Cfg <- $r1
	.loc	4 0 22 is_stmt 0                @ D:/Software Tools/Keil/Nuvoton/Library/StdDriver/inc\usbd.h:0:22
	movs	r2, #2
	.loc	4 596 56 is_stmt 1              @ D:/Software Tools/Keil/Nuvoton/Library/StdDriver/inc\usbd.h:596:56
	orrs	r2, r1
	.loc	4 596 46 is_stmt 0              @ D:/Software Tools/Keil/Nuvoton/Library/StdDriver/inc\usbd.h:596:46
	str	r2, [r0]
.Ltmp89:
.LBB6_4:
	@DEBUG_VALUE: USBD_SetStall:epnum <- 0
	.loc	4 600 1 is_stmt 1               @ D:/Software Tools/Keil/Nuvoton/Library/StdDriver/inc\usbd.h:600:1
	bx	lr
.Ltmp90:
	.p2align	2
@ %bb.5:
	.loc	4 0 1 is_stmt 0                 @ D:/Software Tools/Keil/Nuvoton/Library/StdDriver/inc\usbd.h:0:1
__arm_cp.6_0:
	.long	1074529532                      @ 0x400c04fc
.Lcpi_end11:
	.size	__arm_cp.6_0, .Lcpi_end11-__arm_cp.6_0
.Lfunc_end6:
	.size	USBD_SetStall, .Lfunc_end6-USBD_SetStall
	.cfi_endproc
	.cantunwind
	.fnend
                                        @ -- End function
	.hidden	g_u8EP2Ready                    @ @g_u8EP2Ready
	.type	g_u8EP2Ready,%object
	.section	.bss.g_u8EP2Ready,"aw",%nobits
	.globl	g_u8EP2Ready
g_u8EP2Ready:
	.byte	0                               @ 0x0
	.size	g_u8EP2Ready, 1

	.type	.L_MergedGlobals,%object        @ @_MergedGlobals
	.section	.bss..L_MergedGlobals,"aw",%nobits
	.p2align	2
.L_MergedGlobals:
	.zero	68
	.size	.L_MergedGlobals, 68

	.section	.debug_loc,"",%progbits
.Ldebug_loc0:
	.long	-1
	.long	.Lfunc_begin0                   @   base address
	.long	.Ltmp1-.Lfunc_begin0
	.long	.Ltmp51-.Lfunc_begin0
	.short	1                               @ Loc expr size
	.byte	85                              @ DW_OP_reg5
	.long	0
	.long	0
.Ldebug_loc1:
	.long	-1
	.long	.Lfunc_begin0                   @   base address
	.long	.Ltmp2-.Lfunc_begin0
	.long	.Ltmp26-.Lfunc_begin0
	.short	7                               @ Loc expr size
	.byte	118                             @ DW_OP_breg6
	.byte	0                               @ 0
	.byte	16                              @ DW_OP_constu
	.byte	143                             @ 12303
	.byte	96                              @ 
	.byte	26                              @ DW_OP_and
	.byte	159                             @ DW_OP_stack_value
	.long	0
	.long	0
.Ldebug_loc2:
	.long	-1
	.long	.Lfunc_begin1                   @   base address
	.long	.Ltmp53-.Lfunc_begin1
	.long	.Ltmp54-.Lfunc_begin1
	.short	1                               @ Loc expr size
	.byte	81                              @ DW_OP_reg1
	.long	0
	.long	0
.Ldebug_loc3:
	.long	-1
	.long	.Lfunc_begin2                   @   base address
	.long	.Ltmp57-.Lfunc_begin2
	.long	.Ltmp58-.Lfunc_begin2
	.short	1                               @ Loc expr size
	.byte	80                              @ DW_OP_reg0
	.long	0
	.long	0
.Ldebug_loc4:
	.long	-1
	.long	.Lfunc_begin3                   @   base address
	.long	.Lfunc_begin3-.Lfunc_begin3
	.long	.Ltmp60-.Lfunc_begin3
	.short	1                               @ Loc expr size
	.byte	80                              @ DW_OP_reg0
	.long	0
	.long	0
.Ldebug_loc5:
	.long	-1
	.long	.Lfunc_begin3                   @   base address
	.long	.Lfunc_begin3-.Lfunc_begin3
	.long	.Ltmp60-.Lfunc_begin3
	.short	1                               @ Loc expr size
	.byte	81                              @ DW_OP_reg1
	.long	0
	.long	0
.Ldebug_loc6:
	.long	-1
	.long	.Lfunc_begin3                   @   base address
	.long	.Lfunc_begin3-.Lfunc_begin3
	.long	.Ltmp60-.Lfunc_begin3
	.short	3                               @ Loc expr size
	.byte	16                              @ DW_OP_constu
	.byte	64                              @ 64
	.byte	159                             @ DW_OP_stack_value
	.long	.Ltmp60-.Lfunc_begin3
	.long	.Ltmp61-.Lfunc_begin3
	.short	12                              @ Loc expr size
	.byte	114                             @ DW_OP_breg2
	.byte	0                               @ 0
	.byte	17                              @ DW_OP_consts
	.byte	127                             @ -1
	.byte	30                              @ DW_OP_mul
	.byte	17                              @ DW_OP_consts
	.byte	192                             @ 64
	.byte	0                               @ 
	.byte	34                              @ DW_OP_plus
	.byte	49                              @ DW_OP_lit1
	.byte	28                              @ DW_OP_minus
	.byte	159                             @ DW_OP_stack_value
	.long	.Ltmp61-.Lfunc_begin3
	.long	.Ltmp63-.Lfunc_begin3
	.short	9                               @ Loc expr size
	.byte	114                             @ DW_OP_breg2
	.byte	0                               @ 0
	.byte	17                              @ DW_OP_consts
	.byte	127                             @ -1
	.byte	30                              @ DW_OP_mul
	.byte	17                              @ DW_OP_consts
	.byte	63                              @ 63
	.byte	34                              @ DW_OP_plus
	.byte	159                             @ DW_OP_stack_value
	.long	.Ltmp64-.Lfunc_begin3
	.long	.Lfunc_end3-.Lfunc_begin3
	.short	12                              @ Loc expr size
	.byte	114                             @ DW_OP_breg2
	.byte	0                               @ 0
	.byte	17                              @ DW_OP_consts
	.byte	127                             @ -1
	.byte	30                              @ DW_OP_mul
	.byte	17                              @ DW_OP_consts
	.byte	192                             @ 64
	.byte	0                               @ 
	.byte	34                              @ DW_OP_plus
	.byte	49                              @ DW_OP_lit1
	.byte	28                              @ DW_OP_minus
	.byte	159                             @ DW_OP_stack_value
	.long	0
	.long	0
.Ldebug_loc7:
	.long	-1
	.long	.Lfunc_begin6                   @   base address
	.long	.Ltmp81-.Lfunc_begin6
	.long	.Ltmp82-.Lfunc_begin6
	.short	9                               @ Loc expr size
	.byte	113                             @ DW_OP_breg1
	.byte	0                               @ 0
	.byte	17                              @ DW_OP_consts
	.byte	13                              @ 13
	.byte	28                              @ DW_OP_minus
	.byte	17                              @ DW_OP_consts
	.byte	127                             @ -1
	.byte	27                              @ DW_OP_div
	.byte	159                             @ DW_OP_stack_value
	.long	.Ltmp85-.Lfunc_begin6
	.long	.Ltmp88-.Lfunc_begin6
	.short	12                              @ Loc expr size
	.byte	113                             @ DW_OP_breg1
	.byte	0                               @ 0
	.byte	17                              @ DW_OP_consts
	.byte	13                              @ 13
	.byte	28                              @ DW_OP_minus
	.byte	17                              @ DW_OP_consts
	.byte	127                             @ -1
	.byte	27                              @ DW_OP_div
	.byte	17                              @ DW_OP_consts
	.byte	1                               @ 1
	.byte	34                              @ DW_OP_plus
	.byte	159                             @ DW_OP_stack_value
	.long	0
	.long	0
.Ldebug_loc8:
	.long	-1
	.long	.Lfunc_begin6                   @   base address
	.long	.Ltmp85-.Lfunc_begin6
	.long	.Ltmp86-.Lfunc_begin6
	.short	1                               @ Loc expr size
	.byte	82                              @ DW_OP_reg2
	.long	.Ltmp88-.Lfunc_begin6
	.long	.Ltmp89-.Lfunc_begin6
	.short	1                               @ Loc expr size
	.byte	81                              @ DW_OP_reg1
	.long	0
	.long	0
.Ldebug_loc9:
	.long	-1
	.long	.Lfunc_begin6                   @   base address
	.long	.Ltmp85-.Lfunc_begin6
	.long	.Ltmp87-.Lfunc_begin6
	.short	19                              @ Loc expr size
	.byte	113                             @ DW_OP_breg1
	.byte	0                               @ 0
	.byte	17                              @ DW_OP_consts
	.byte	13                              @ 13
	.byte	28                              @ DW_OP_minus
	.byte	17                              @ DW_OP_consts
	.byte	127                             @ -1
	.byte	27                              @ DW_OP_div
	.byte	17                              @ DW_OP_consts
	.byte	16                              @ 16
	.byte	30                              @ DW_OP_mul
	.byte	17                              @ DW_OP_consts
	.byte	136                             @ 1074529544
	.byte	138                             @ 
	.byte	176                             @ 
	.byte	128                             @ 
	.byte	4                               @ 
	.byte	34                              @ DW_OP_plus
	.byte	159                             @ DW_OP_stack_value
	.long	0
	.long	0
	.section	.debug_abbrev,"",%progbits
	.byte	1                               @ Abbreviation Code
	.byte	17                              @ DW_TAG_compile_unit
	.byte	1                               @ DW_CHILDREN_yes
	.byte	37                              @ DW_AT_producer
	.byte	14                              @ DW_FORM_strp
	.byte	19                              @ DW_AT_language
	.byte	5                               @ DW_FORM_data2
	.byte	3                               @ DW_AT_name
	.byte	14                              @ DW_FORM_strp
	.byte	16                              @ DW_AT_stmt_list
	.byte	23                              @ DW_FORM_sec_offset
	.byte	27                              @ DW_AT_comp_dir
	.byte	14                              @ DW_FORM_strp
	.byte	17                              @ DW_AT_low_pc
	.byte	1                               @ DW_FORM_addr
	.byte	85                              @ DW_AT_ranges
	.byte	23                              @ DW_FORM_sec_offset
	.byte	0                               @ EOM(1)
	.byte	0                               @ EOM(2)
	.byte	2                               @ Abbreviation Code
	.byte	52                              @ DW_TAG_variable
	.byte	0                               @ DW_CHILDREN_no
	.byte	3                               @ DW_AT_name
	.byte	14                              @ DW_FORM_strp
	.byte	73                              @ DW_AT_type
	.byte	19                              @ DW_FORM_ref4
	.byte	63                              @ DW_AT_external
	.byte	25                              @ DW_FORM_flag_present
	.byte	58                              @ DW_AT_decl_file
	.byte	11                              @ DW_FORM_data1
	.byte	59                              @ DW_AT_decl_line
	.byte	11                              @ DW_FORM_data1
	.byte	2                               @ DW_AT_location
	.byte	24                              @ DW_FORM_exprloc
	.byte	0                               @ EOM(1)
	.byte	0                               @ EOM(2)
	.byte	3                               @ Abbreviation Code
	.byte	53                              @ DW_TAG_volatile_type
	.byte	0                               @ DW_CHILDREN_no
	.byte	73                              @ DW_AT_type
	.byte	19                              @ DW_FORM_ref4
	.byte	0                               @ EOM(1)
	.byte	0                               @ EOM(2)
	.byte	4                               @ Abbreviation Code
	.byte	22                              @ DW_TAG_typedef
	.byte	0                               @ DW_CHILDREN_no
	.byte	73                              @ DW_AT_type
	.byte	19                              @ DW_FORM_ref4
	.byte	3                               @ DW_AT_name
	.byte	14                              @ DW_FORM_strp
	.byte	58                              @ DW_AT_decl_file
	.byte	11                              @ DW_FORM_data1
	.byte	59                              @ DW_AT_decl_line
	.byte	11                              @ DW_FORM_data1
	.byte	0                               @ EOM(1)
	.byte	0                               @ EOM(2)
	.byte	5                               @ Abbreviation Code
	.byte	36                              @ DW_TAG_base_type
	.byte	0                               @ DW_CHILDREN_no
	.byte	3                               @ DW_AT_name
	.byte	14                              @ DW_FORM_strp
	.byte	62                              @ DW_AT_encoding
	.byte	11                              @ DW_FORM_data1
	.byte	11                              @ DW_AT_byte_size
	.byte	11                              @ DW_FORM_data1
	.byte	0                               @ EOM(1)
	.byte	0                               @ EOM(2)
	.byte	6                               @ Abbreviation Code
	.byte	52                              @ DW_TAG_variable
	.byte	0                               @ DW_CHILDREN_no
	.byte	3                               @ DW_AT_name
	.byte	14                              @ DW_FORM_strp
	.byte	73                              @ DW_AT_type
	.byte	19                              @ DW_FORM_ref4
	.byte	63                              @ DW_AT_external
	.byte	25                              @ DW_FORM_flag_present
	.byte	58                              @ DW_AT_decl_file
	.byte	11                              @ DW_FORM_data1
	.byte	59                              @ DW_AT_decl_line
	.byte	11                              @ DW_FORM_data1
	.ascii	"\210\001"                      @ DW_AT_alignment
	.byte	15                              @ DW_FORM_udata
	.byte	2                               @ DW_AT_location
	.byte	24                              @ DW_FORM_exprloc
	.byte	0                               @ EOM(1)
	.byte	0                               @ EOM(2)
	.byte	7                               @ Abbreviation Code
	.byte	1                               @ DW_TAG_array_type
	.byte	1                               @ DW_CHILDREN_yes
	.byte	73                              @ DW_AT_type
	.byte	19                              @ DW_FORM_ref4
	.byte	0                               @ EOM(1)
	.byte	0                               @ EOM(2)
	.byte	8                               @ Abbreviation Code
	.byte	33                              @ DW_TAG_subrange_type
	.byte	0                               @ DW_CHILDREN_no
	.byte	73                              @ DW_AT_type
	.byte	19                              @ DW_FORM_ref4
	.byte	55                              @ DW_AT_count
	.byte	11                              @ DW_FORM_data1
	.byte	0                               @ EOM(1)
	.byte	0                               @ EOM(2)
	.byte	9                               @ Abbreviation Code
	.byte	36                              @ DW_TAG_base_type
	.byte	0                               @ DW_CHILDREN_no
	.byte	3                               @ DW_AT_name
	.byte	14                              @ DW_FORM_strp
	.byte	11                              @ DW_AT_byte_size
	.byte	11                              @ DW_FORM_data1
	.byte	62                              @ DW_AT_encoding
	.byte	11                              @ DW_FORM_data1
	.byte	0                               @ EOM(1)
	.byte	0                               @ EOM(2)
	.byte	10                              @ Abbreviation Code
	.byte	15                              @ DW_TAG_pointer_type
	.byte	0                               @ DW_CHILDREN_no
	.byte	73                              @ DW_AT_type
	.byte	19                              @ DW_FORM_ref4
	.byte	0                               @ EOM(1)
	.byte	0                               @ EOM(2)
	.byte	11                              @ Abbreviation Code
	.byte	22                              @ DW_TAG_typedef
	.byte	0                               @ DW_CHILDREN_no
	.byte	73                              @ DW_AT_type
	.byte	19                              @ DW_FORM_ref4
	.byte	3                               @ DW_AT_name
	.byte	14                              @ DW_FORM_strp
	.byte	58                              @ DW_AT_decl_file
	.byte	11                              @ DW_FORM_data1
	.byte	59                              @ DW_AT_decl_line
	.byte	5                               @ DW_FORM_data2
	.byte	0                               @ EOM(1)
	.byte	0                               @ EOM(2)
	.byte	12                              @ Abbreviation Code
	.byte	19                              @ DW_TAG_structure_type
	.byte	1                               @ DW_CHILDREN_yes
	.byte	11                              @ DW_AT_byte_size
	.byte	5                               @ DW_FORM_data2
	.byte	58                              @ DW_AT_decl_file
	.byte	11                              @ DW_FORM_data1
	.byte	59                              @ DW_AT_decl_line
	.byte	11                              @ DW_FORM_data1
	.byte	0                               @ EOM(1)
	.byte	0                               @ EOM(2)
	.byte	13                              @ Abbreviation Code
	.byte	13                              @ DW_TAG_member
	.byte	0                               @ DW_CHILDREN_no
	.byte	3                               @ DW_AT_name
	.byte	14                              @ DW_FORM_strp
	.byte	73                              @ DW_AT_type
	.byte	19                              @ DW_FORM_ref4
	.byte	58                              @ DW_AT_decl_file
	.byte	11                              @ DW_FORM_data1
	.byte	59                              @ DW_AT_decl_line
	.byte	5                               @ DW_FORM_data2
	.byte	56                              @ DW_AT_data_member_location
	.byte	11                              @ DW_FORM_data1
	.byte	0                               @ EOM(1)
	.byte	0                               @ EOM(2)
	.byte	14                              @ Abbreviation Code
	.byte	13                              @ DW_TAG_member
	.byte	0                               @ DW_CHILDREN_no
	.byte	3                               @ DW_AT_name
	.byte	14                              @ DW_FORM_strp
	.byte	73                              @ DW_AT_type
	.byte	19                              @ DW_FORM_ref4
	.byte	58                              @ DW_AT_decl_file
	.byte	11                              @ DW_FORM_data1
	.byte	59                              @ DW_AT_decl_line
	.byte	5                               @ DW_FORM_data2
	.byte	56                              @ DW_AT_data_member_location
	.byte	5                               @ DW_FORM_data2
	.byte	0                               @ EOM(1)
	.byte	0                               @ EOM(2)
	.byte	15                              @ Abbreviation Code
	.byte	38                              @ DW_TAG_const_type
	.byte	0                               @ DW_CHILDREN_no
	.byte	73                              @ DW_AT_type
	.byte	19                              @ DW_FORM_ref4
	.byte	0                               @ EOM(1)
	.byte	0                               @ EOM(2)
	.byte	16                              @ Abbreviation Code
	.byte	33                              @ DW_TAG_subrange_type
	.byte	0                               @ DW_CHILDREN_no
	.byte	73                              @ DW_AT_type
	.byte	19                              @ DW_FORM_ref4
	.byte	55                              @ DW_AT_count
	.byte	5                               @ DW_FORM_data2
	.byte	0                               @ EOM(1)
	.byte	0                               @ EOM(2)
	.byte	17                              @ Abbreviation Code
	.byte	19                              @ DW_TAG_structure_type
	.byte	1                               @ DW_CHILDREN_yes
	.byte	11                              @ DW_AT_byte_size
	.byte	11                              @ DW_FORM_data1
	.byte	58                              @ DW_AT_decl_file
	.byte	11                              @ DW_FORM_data1
	.byte	59                              @ DW_AT_decl_line
	.byte	11                              @ DW_FORM_data1
	.byte	0                               @ EOM(1)
	.byte	0                               @ EOM(2)
	.byte	18                              @ Abbreviation Code
	.byte	13                              @ DW_TAG_member
	.byte	0                               @ DW_CHILDREN_no
	.byte	3                               @ DW_AT_name
	.byte	14                              @ DW_FORM_strp
	.byte	73                              @ DW_AT_type
	.byte	19                              @ DW_FORM_ref4
	.byte	58                              @ DW_AT_decl_file
	.byte	11                              @ DW_FORM_data1
	.byte	59                              @ DW_AT_decl_line
	.byte	11                              @ DW_FORM_data1
	.byte	56                              @ DW_AT_data_member_location
	.byte	11                              @ DW_FORM_data1
	.byte	0                               @ EOM(1)
	.byte	0                               @ EOM(2)
	.byte	19                              @ Abbreviation Code
	.byte	46                              @ DW_TAG_subprogram
	.byte	1                               @ DW_CHILDREN_yes
	.byte	17                              @ DW_AT_low_pc
	.byte	1                               @ DW_FORM_addr
	.byte	18                              @ DW_AT_high_pc
	.byte	6                               @ DW_FORM_data4
	.byte	64                              @ DW_AT_frame_base
	.byte	24                              @ DW_FORM_exprloc
	.ascii	"\227B"                         @ DW_AT_GNU_all_call_sites
	.byte	25                              @ DW_FORM_flag_present
	.byte	3                               @ DW_AT_name
	.byte	14                              @ DW_FORM_strp
	.byte	58                              @ DW_AT_decl_file
	.byte	11                              @ DW_FORM_data1
	.byte	59                              @ DW_AT_decl_line
	.byte	11                              @ DW_FORM_data1
	.byte	39                              @ DW_AT_prototyped
	.byte	25                              @ DW_FORM_flag_present
	.byte	63                              @ DW_AT_external
	.byte	25                              @ DW_FORM_flag_present
	.byte	0                               @ EOM(1)
	.byte	0                               @ EOM(2)
	.byte	20                              @ Abbreviation Code
	.byte	52                              @ DW_TAG_variable
	.byte	0                               @ DW_CHILDREN_no
	.byte	2                               @ DW_AT_location
	.byte	23                              @ DW_FORM_sec_offset
	.byte	3                               @ DW_AT_name
	.byte	14                              @ DW_FORM_strp
	.byte	58                              @ DW_AT_decl_file
	.byte	11                              @ DW_FORM_data1
	.byte	59                              @ DW_AT_decl_line
	.byte	11                              @ DW_FORM_data1
	.byte	73                              @ DW_AT_type
	.byte	19                              @ DW_FORM_ref4
	.byte	0                               @ EOM(1)
	.byte	0                               @ EOM(2)
	.byte	21                              @ Abbreviation Code
	.byte	46                              @ DW_TAG_subprogram
	.byte	1                               @ DW_CHILDREN_yes
	.byte	17                              @ DW_AT_low_pc
	.byte	1                               @ DW_FORM_addr
	.byte	18                              @ DW_AT_high_pc
	.byte	6                               @ DW_FORM_data4
	.byte	64                              @ DW_AT_frame_base
	.byte	24                              @ DW_FORM_exprloc
	.ascii	"\227B"                         @ DW_AT_GNU_all_call_sites
	.byte	25                              @ DW_FORM_flag_present
	.byte	3                               @ DW_AT_name
	.byte	14                              @ DW_FORM_strp
	.byte	58                              @ DW_AT_decl_file
	.byte	11                              @ DW_FORM_data1
	.byte	59                              @ DW_AT_decl_line
	.byte	5                               @ DW_FORM_data2
	.byte	39                              @ DW_AT_prototyped
	.byte	25                              @ DW_FORM_flag_present
	.byte	0                               @ EOM(1)
	.byte	0                               @ EOM(2)
	.byte	22                              @ Abbreviation Code
	.byte	5                               @ DW_TAG_formal_parameter
	.byte	0                               @ DW_CHILDREN_no
	.byte	2                               @ DW_AT_location
	.byte	23                              @ DW_FORM_sec_offset
	.byte	3                               @ DW_AT_name
	.byte	14                              @ DW_FORM_strp
	.byte	58                              @ DW_AT_decl_file
	.byte	11                              @ DW_FORM_data1
	.byte	59                              @ DW_AT_decl_line
	.byte	5                               @ DW_FORM_data2
	.byte	73                              @ DW_AT_type
	.byte	19                              @ DW_FORM_ref4
	.byte	0                               @ EOM(1)
	.byte	0                               @ EOM(2)
	.byte	23                              @ Abbreviation Code
	.byte	46                              @ DW_TAG_subprogram
	.byte	0                               @ DW_CHILDREN_no
	.byte	17                              @ DW_AT_low_pc
	.byte	1                               @ DW_FORM_addr
	.byte	18                              @ DW_AT_high_pc
	.byte	6                               @ DW_FORM_data4
	.byte	64                              @ DW_AT_frame_base
	.byte	24                              @ DW_FORM_exprloc
	.ascii	"\227B"                         @ DW_AT_GNU_all_call_sites
	.byte	25                              @ DW_FORM_flag_present
	.byte	3                               @ DW_AT_name
	.byte	14                              @ DW_FORM_strp
	.byte	58                              @ DW_AT_decl_file
	.byte	11                              @ DW_FORM_data1
	.byte	59                              @ DW_AT_decl_line
	.byte	11                              @ DW_FORM_data1
	.byte	39                              @ DW_AT_prototyped
	.byte	25                              @ DW_FORM_flag_present
	.byte	63                              @ DW_AT_external
	.byte	25                              @ DW_FORM_flag_present
	.byte	0                               @ EOM(1)
	.byte	0                               @ EOM(2)
	.byte	24                              @ Abbreviation Code
	.byte	52                              @ DW_TAG_variable
	.byte	0                               @ DW_CHILDREN_no
	.byte	2                               @ DW_AT_location
	.byte	24                              @ DW_FORM_exprloc
	.byte	3                               @ DW_AT_name
	.byte	14                              @ DW_FORM_strp
	.byte	58                              @ DW_AT_decl_file
	.byte	11                              @ DW_FORM_data1
	.byte	59                              @ DW_AT_decl_line
	.byte	11                              @ DW_FORM_data1
	.byte	73                              @ DW_AT_type
	.byte	19                              @ DW_FORM_ref4
	.byte	0                               @ EOM(1)
	.byte	0                               @ EOM(2)
	.byte	25                              @ Abbreviation Code
	.byte	5                               @ DW_TAG_formal_parameter
	.byte	0                               @ DW_CHILDREN_no
	.byte	28                              @ DW_AT_const_value
	.byte	15                              @ DW_FORM_udata
	.byte	3                               @ DW_AT_name
	.byte	14                              @ DW_FORM_strp
	.byte	58                              @ DW_AT_decl_file
	.byte	11                              @ DW_FORM_data1
	.byte	59                              @ DW_AT_decl_line
	.byte	5                               @ DW_FORM_data2
	.byte	73                              @ DW_AT_type
	.byte	19                              @ DW_FORM_ref4
	.byte	0                               @ EOM(1)
	.byte	0                               @ EOM(2)
	.byte	26                              @ Abbreviation Code
	.byte	52                              @ DW_TAG_variable
	.byte	0                               @ DW_CHILDREN_no
	.byte	2                               @ DW_AT_location
	.byte	23                              @ DW_FORM_sec_offset
	.byte	3                               @ DW_AT_name
	.byte	14                              @ DW_FORM_strp
	.byte	58                              @ DW_AT_decl_file
	.byte	11                              @ DW_FORM_data1
	.byte	59                              @ DW_AT_decl_line
	.byte	5                               @ DW_FORM_data2
	.byte	73                              @ DW_AT_type
	.byte	19                              @ DW_FORM_ref4
	.byte	0                               @ EOM(1)
	.byte	0                               @ EOM(2)
	.byte	27                              @ Abbreviation Code
	.byte	11                              @ DW_TAG_lexical_block
	.byte	1                               @ DW_CHILDREN_yes
	.byte	85                              @ DW_AT_ranges
	.byte	23                              @ DW_FORM_sec_offset
	.byte	0                               @ EOM(1)
	.byte	0                               @ EOM(2)
	.byte	0                               @ EOM(3)
	.section	.debug_info,"",%progbits
.Lcu_begin0:
	.long	.Ldebug_info_end0-.Ldebug_info_start0 @ Length of Unit
.Ldebug_info_start0:
	.short	4                               @ DWARF version number
	.long	.debug_abbrev                   @ Offset Into Abbrev. Section
	.byte	4                               @ Address Size (in bytes)
	.byte	1                               @ Abbrev [1] 0xb:0x350 DW_TAG_compile_unit
	.long	.Linfo_string0                  @ DW_AT_producer
	.short	1                               @ DW_AT_language
	.long	.Linfo_string1                  @ DW_AT_name
	.long	.Lline_table_start0             @ DW_AT_stmt_list
	.long	.Linfo_string2                  @ DW_AT_comp_dir
	.long	0                               @ DW_AT_low_pc
	.long	.Ldebug_ranges1                 @ DW_AT_ranges
	.byte	2                               @ Abbrev [2] 0x26:0x11 DW_TAG_variable
	.long	.Linfo_string3                  @ DW_AT_name
	.long	55                              @ DW_AT_type
                                        @ DW_AT_external
	.byte	2                               @ DW_AT_decl_file
	.byte	16                              @ DW_AT_decl_line
	.byte	5                               @ DW_AT_location
	.byte	3
	.long	g_u8EP2Ready
	.byte	3                               @ Abbrev [3] 0x37:0x5 DW_TAG_volatile_type
	.long	60                              @ DW_AT_type
	.byte	4                               @ Abbrev [4] 0x3c:0xb DW_TAG_typedef
	.long	71                              @ DW_AT_type
	.long	.Linfo_string5                  @ DW_AT_name
	.byte	1                               @ DW_AT_decl_file
	.byte	62                              @ DW_AT_decl_line
	.byte	5                               @ Abbrev [5] 0x47:0x7 DW_TAG_base_type
	.long	.Linfo_string4                  @ DW_AT_name
	.byte	8                               @ DW_AT_encoding
	.byte	1                               @ DW_AT_byte_size
	.byte	6                               @ Abbrev [6] 0x4e:0x14 DW_TAG_variable
	.long	.Linfo_string6                  @ DW_AT_name
	.long	98                              @ DW_AT_type
                                        @ DW_AT_external
	.byte	2                               @ DW_AT_decl_file
	.byte	17                              @ DW_AT_decl_line
	.byte	4                               @ DW_AT_alignment
	.byte	7                               @ DW_AT_location
	.byte	3
	.long	.L_MergedGlobals
	.byte	35
	.byte	4
	.byte	7                               @ Abbrev [7] 0x62:0xc DW_TAG_array_type
	.long	60                              @ DW_AT_type
	.byte	8                               @ Abbrev [8] 0x67:0x6 DW_TAG_subrange_type
	.long	110                             @ DW_AT_type
	.byte	64                              @ DW_AT_count
	.byte	0                               @ End Of Children Mark
	.byte	9                               @ Abbrev [9] 0x6e:0x7 DW_TAG_base_type
	.long	.Linfo_string7                  @ DW_AT_name
	.byte	8                               @ DW_AT_byte_size
	.byte	7                               @ DW_AT_encoding
	.byte	2                               @ Abbrev [2] 0x75:0x11 DW_TAG_variable
	.long	.Linfo_string8                  @ DW_AT_name
	.long	60                              @ DW_AT_type
                                        @ DW_AT_external
	.byte	2                               @ DW_AT_decl_file
	.byte	18                              @ DW_AT_decl_line
	.byte	5                               @ DW_AT_location
	.byte	3
	.long	.L_MergedGlobals
	.byte	4                               @ Abbrev [4] 0x86:0xb DW_TAG_typedef
	.long	145                             @ DW_AT_type
	.long	.Linfo_string10                 @ DW_AT_name
	.byte	1                               @ DW_AT_decl_file
	.byte	64                              @ DW_AT_decl_line
	.byte	5                               @ Abbrev [5] 0x91:0x7 DW_TAG_base_type
	.long	.Linfo_string9                  @ DW_AT_name
	.byte	7                               @ DW_AT_encoding
	.byte	4                               @ DW_AT_byte_size
	.byte	10                              @ Abbrev [10] 0x98:0x5 DW_TAG_pointer_type
	.long	157                             @ DW_AT_type
	.byte	11                              @ Abbrev [11] 0x9d:0xc DW_TAG_typedef
	.long	169                             @ DW_AT_type
	.long	.Linfo_string33                 @ DW_AT_name
	.byte	3                               @ DW_AT_decl_file
	.short	484                             @ DW_AT_decl_line
	.byte	12                              @ Abbrev [12] 0xa9:0xe4 DW_TAG_structure_type
	.short	1472                            @ DW_AT_byte_size
	.byte	3                               @ DW_AT_decl_file
	.byte	101                             @ DW_AT_decl_line
	.byte	13                              @ Abbrev [13] 0xae:0xd DW_TAG_member
	.long	.Linfo_string11                 @ DW_AT_name
	.long	397                             @ DW_AT_type
	.byte	3                               @ DW_AT_decl_file
	.short	461                             @ DW_AT_decl_line
	.byte	0                               @ DW_AT_data_member_location
	.byte	13                              @ Abbrev [13] 0xbb:0xd DW_TAG_member
	.long	.Linfo_string12                 @ DW_AT_name
	.long	397                             @ DW_AT_type
	.byte	3                               @ DW_AT_decl_file
	.short	462                             @ DW_AT_decl_line
	.byte	4                               @ DW_AT_data_member_location
	.byte	13                              @ Abbrev [13] 0xc8:0xd DW_TAG_member
	.long	.Linfo_string13                 @ DW_AT_name
	.long	397                             @ DW_AT_type
	.byte	3                               @ DW_AT_decl_file
	.short	463                             @ DW_AT_decl_line
	.byte	8                               @ DW_AT_data_member_location
	.byte	13                              @ Abbrev [13] 0xd5:0xd DW_TAG_member
	.long	.Linfo_string14                 @ DW_AT_name
	.long	402                             @ DW_AT_type
	.byte	3                               @ DW_AT_decl_file
	.short	464                             @ DW_AT_decl_line
	.byte	12                              @ DW_AT_data_member_location
	.byte	13                              @ Abbrev [13] 0xe2:0xd DW_TAG_member
	.long	.Linfo_string15                 @ DW_AT_name
	.long	397                             @ DW_AT_type
	.byte	3                               @ DW_AT_decl_file
	.short	465                             @ DW_AT_decl_line
	.byte	16                              @ DW_AT_data_member_location
	.byte	13                              @ Abbrev [13] 0xef:0xd DW_TAG_member
	.long	.Linfo_string16                 @ DW_AT_name
	.long	402                             @ DW_AT_type
	.byte	3                               @ DW_AT_decl_file
	.short	466                             @ DW_AT_decl_line
	.byte	20                              @ DW_AT_data_member_location
	.byte	13                              @ Abbrev [13] 0xfc:0xd DW_TAG_member
	.long	.Linfo_string17                 @ DW_AT_name
	.long	397                             @ DW_AT_type
	.byte	3                               @ DW_AT_decl_file
	.short	467                             @ DW_AT_decl_line
	.byte	24                              @ DW_AT_data_member_location
	.byte	13                              @ Abbrev [13] 0x109:0xd DW_TAG_member
	.long	.Linfo_string18                 @ DW_AT_name
	.long	407                             @ DW_AT_type
	.byte	3                               @ DW_AT_decl_file
	.short	469                             @ DW_AT_decl_line
	.byte	28                              @ DW_AT_data_member_location
	.byte	13                              @ Abbrev [13] 0x116:0xd DW_TAG_member
	.long	.Linfo_string19                 @ DW_AT_name
	.long	402                             @ DW_AT_type
	.byte	3                               @ DW_AT_decl_file
	.short	471                             @ DW_AT_decl_line
	.byte	32                              @ DW_AT_data_member_location
	.byte	13                              @ Abbrev [13] 0x123:0xd DW_TAG_member
	.long	.Linfo_string20                 @ DW_AT_name
	.long	402                             @ DW_AT_type
	.byte	3                               @ DW_AT_decl_file
	.short	472                             @ DW_AT_decl_line
	.byte	36                              @ DW_AT_data_member_location
	.byte	13                              @ Abbrev [13] 0x130:0xd DW_TAG_member
	.long	.Linfo_string21                 @ DW_AT_name
	.long	419                             @ DW_AT_type
	.byte	3                               @ DW_AT_decl_file
	.short	474                             @ DW_AT_decl_line
	.byte	40                              @ DW_AT_data_member_location
	.byte	13                              @ Abbrev [13] 0x13d:0xd DW_TAG_member
	.long	.Linfo_string22                 @ DW_AT_name
	.long	402                             @ DW_AT_type
	.byte	3                               @ DW_AT_decl_file
	.short	476                             @ DW_AT_decl_line
	.byte	136                             @ DW_AT_data_member_location
	.byte	13                              @ Abbrev [13] 0x14a:0xd DW_TAG_member
	.long	.Linfo_string23                 @ DW_AT_name
	.long	402                             @ DW_AT_type
	.byte	3                               @ DW_AT_decl_file
	.short	477                             @ DW_AT_decl_line
	.byte	140                             @ DW_AT_data_member_location
	.byte	13                              @ Abbrev [13] 0x157:0xd DW_TAG_member
	.long	.Linfo_string24                 @ DW_AT_name
	.long	397                             @ DW_AT_type
	.byte	3                               @ DW_AT_decl_file
	.short	478                             @ DW_AT_decl_line
	.byte	144                             @ DW_AT_data_member_location
	.byte	13                              @ Abbrev [13] 0x164:0xd DW_TAG_member
	.long	.Linfo_string25                 @ DW_AT_name
	.long	397                             @ DW_AT_type
	.byte	3                               @ DW_AT_decl_file
	.short	479                             @ DW_AT_decl_line
	.byte	148                             @ DW_AT_data_member_location
	.byte	13                              @ Abbrev [13] 0x171:0xd DW_TAG_member
	.long	.Linfo_string26                 @ DW_AT_name
	.long	431                             @ DW_AT_type
	.byte	3                               @ DW_AT_decl_file
	.short	481                             @ DW_AT_decl_line
	.byte	152                             @ DW_AT_data_member_location
	.byte	14                              @ Abbrev [14] 0x17e:0xe DW_TAG_member
	.long	.Linfo_string27                 @ DW_AT_name
	.long	444                             @ DW_AT_type
	.byte	3                               @ DW_AT_decl_file
	.short	483                             @ DW_AT_decl_line
	.short	1280                            @ DW_AT_data_member_location
	.byte	0                               @ End Of Children Mark
	.byte	3                               @ Abbrev [3] 0x18d:0x5 DW_TAG_volatile_type
	.long	134                             @ DW_AT_type
	.byte	15                              @ Abbrev [15] 0x192:0x5 DW_TAG_const_type
	.long	397                             @ DW_AT_type
	.byte	7                               @ Abbrev [7] 0x197:0xc DW_TAG_array_type
	.long	402                             @ DW_AT_type
	.byte	8                               @ Abbrev [8] 0x19c:0x6 DW_TAG_subrange_type
	.long	110                             @ DW_AT_type
	.byte	1                               @ DW_AT_count
	.byte	0                               @ End Of Children Mark
	.byte	7                               @ Abbrev [7] 0x1a3:0xc DW_TAG_array_type
	.long	402                             @ DW_AT_type
	.byte	8                               @ Abbrev [8] 0x1a8:0x6 DW_TAG_subrange_type
	.long	110                             @ DW_AT_type
	.byte	24                              @ DW_AT_count
	.byte	0                               @ End Of Children Mark
	.byte	7                               @ Abbrev [7] 0x1af:0xd DW_TAG_array_type
	.long	402                             @ DW_AT_type
	.byte	16                              @ Abbrev [16] 0x1b4:0x7 DW_TAG_subrange_type
	.long	110                             @ DW_AT_type
	.short	282                             @ DW_AT_count
	.byte	0                               @ End Of Children Mark
	.byte	7                               @ Abbrev [7] 0x1bc:0xc DW_TAG_array_type
	.long	456                             @ DW_AT_type
	.byte	8                               @ Abbrev [8] 0x1c1:0x6 DW_TAG_subrange_type
	.long	110                             @ DW_AT_type
	.byte	12                              @ DW_AT_count
	.byte	0                               @ End Of Children Mark
	.byte	4                               @ Abbrev [4] 0x1c8:0xb DW_TAG_typedef
	.long	467                             @ DW_AT_type
	.long	.Linfo_string32                 @ DW_AT_name
	.byte	3                               @ DW_AT_decl_file
	.byte	99                              @ DW_AT_decl_line
	.byte	17                              @ Abbrev [17] 0x1d3:0x35 DW_TAG_structure_type
	.byte	16                              @ DW_AT_byte_size
	.byte	3                               @ DW_AT_decl_file
	.byte	27                              @ DW_AT_decl_line
	.byte	18                              @ Abbrev [18] 0x1d7:0xc DW_TAG_member
	.long	.Linfo_string28                 @ DW_AT_name
	.long	397                             @ DW_AT_type
	.byte	3                               @ DW_AT_decl_file
	.byte	94                              @ DW_AT_decl_line
	.byte	0                               @ DW_AT_data_member_location
	.byte	18                              @ Abbrev [18] 0x1e3:0xc DW_TAG_member
	.long	.Linfo_string29                 @ DW_AT_name
	.long	397                             @ DW_AT_type
	.byte	3                               @ DW_AT_decl_file
	.byte	95                              @ DW_AT_decl_line
	.byte	4                               @ DW_AT_data_member_location
	.byte	18                              @ Abbrev [18] 0x1ef:0xc DW_TAG_member
	.long	.Linfo_string30                 @ DW_AT_name
	.long	397                             @ DW_AT_type
	.byte	3                               @ DW_AT_decl_file
	.byte	96                              @ DW_AT_decl_line
	.byte	8                               @ DW_AT_data_member_location
	.byte	18                              @ Abbrev [18] 0x1fb:0xc DW_TAG_member
	.long	.Linfo_string31                 @ DW_AT_name
	.long	397                             @ DW_AT_type
	.byte	3                               @ DW_AT_decl_file
	.byte	97                              @ DW_AT_decl_line
	.byte	12                              @ DW_AT_data_member_location
	.byte	0                               @ End Of Children Mark
	.byte	10                              @ Abbrev [10] 0x208:0x5 DW_TAG_pointer_type
	.long	397                             @ DW_AT_type
	.byte	10                              @ Abbrev [10] 0x20d:0x5 DW_TAG_pointer_type
	.long	60                              @ DW_AT_type
	.byte	19                              @ Abbrev [19] 0x212:0x30 DW_TAG_subprogram
	.long	.Lfunc_begin0                   @ DW_AT_low_pc
	.long	.Lfunc_end0-.Lfunc_begin0       @ DW_AT_high_pc
	.byte	1                               @ DW_AT_frame_base
	.byte	93
                                        @ DW_AT_GNU_all_call_sites
	.long	.Linfo_string34                 @ DW_AT_name
	.byte	2                               @ DW_AT_decl_file
	.byte	20                              @ DW_AT_decl_line
                                        @ DW_AT_prototyped
                                        @ DW_AT_external
	.byte	20                              @ Abbrev [20] 0x223:0xf DW_TAG_variable
	.long	.Ldebug_loc0                    @ DW_AT_location
	.long	.Linfo_string41                 @ DW_AT_name
	.byte	2                               @ DW_AT_decl_file
	.byte	22                              @ DW_AT_decl_line
	.long	134                             @ DW_AT_type
	.byte	20                              @ Abbrev [20] 0x232:0xf DW_TAG_variable
	.long	.Ldebug_loc1                    @ DW_AT_location
	.long	.Linfo_string42                 @ DW_AT_name
	.byte	2                               @ DW_AT_decl_file
	.byte	23                              @ DW_AT_decl_line
	.long	134                             @ DW_AT_type
	.byte	0                               @ End Of Children Mark
	.byte	19                              @ Abbrev [19] 0x242:0x21 DW_TAG_subprogram
	.long	.Lfunc_begin1                   @ DW_AT_low_pc
	.long	.Lfunc_end1-.Lfunc_begin1       @ DW_AT_high_pc
	.byte	1                               @ DW_AT_frame_base
	.byte	93
                                        @ DW_AT_GNU_all_call_sites
	.long	.Linfo_string35                 @ DW_AT_name
	.byte	2                               @ DW_AT_decl_file
	.byte	160                             @ DW_AT_decl_line
                                        @ DW_AT_prototyped
                                        @ DW_AT_external
	.byte	20                              @ Abbrev [20] 0x253:0xf DW_TAG_variable
	.long	.Ldebug_loc2                    @ DW_AT_location
	.long	.Linfo_string43                 @ DW_AT_name
	.byte	2                               @ DW_AT_decl_file
	.byte	162                             @ DW_AT_decl_line
	.long	525                             @ DW_AT_type
	.byte	0                               @ End Of Children Mark
	.byte	19                              @ Abbrev [19] 0x263:0x21 DW_TAG_subprogram
	.long	.Lfunc_begin2                   @ DW_AT_low_pc
	.long	.Lfunc_end2-.Lfunc_begin2       @ DW_AT_high_pc
	.byte	1                               @ DW_AT_frame_base
	.byte	93
                                        @ DW_AT_GNU_all_call_sites
	.long	.Linfo_string36                 @ DW_AT_name
	.byte	2                               @ DW_AT_decl_file
	.byte	151                             @ DW_AT_decl_line
                                        @ DW_AT_prototyped
                                        @ DW_AT_external
	.byte	20                              @ Abbrev [20] 0x274:0xf DW_TAG_variable
	.long	.Ldebug_loc3                    @ DW_AT_location
	.long	.Linfo_string43                 @ DW_AT_name
	.byte	2                               @ DW_AT_decl_file
	.byte	153                             @ DW_AT_decl_line
	.long	525                             @ DW_AT_type
	.byte	0                               @ End Of Children Mark
	.byte	21                              @ Abbrev [21] 0x284:0x43 DW_TAG_subprogram
	.long	.Lfunc_begin3                   @ DW_AT_low_pc
	.long	.Lfunc_end3-.Lfunc_begin3       @ DW_AT_high_pc
	.byte	1                               @ DW_AT_frame_base
	.byte	93
                                        @ DW_AT_GNU_all_call_sites
	.long	.Linfo_string37                 @ DW_AT_name
	.byte	4                               @ DW_AT_decl_file
	.short	564                             @ DW_AT_decl_line
                                        @ DW_AT_prototyped
	.byte	22                              @ Abbrev [22] 0x296:0x10 DW_TAG_formal_parameter
	.long	.Ldebug_loc4                    @ DW_AT_location
	.long	.Linfo_string44                 @ DW_AT_name
	.byte	4                               @ DW_AT_decl_file
	.short	564                             @ DW_AT_decl_line
	.long	525                             @ DW_AT_type
	.byte	22                              @ Abbrev [22] 0x2a6:0x10 DW_TAG_formal_parameter
	.long	.Ldebug_loc5                    @ DW_AT_location
	.long	.Linfo_string45                 @ DW_AT_name
	.byte	4                               @ DW_AT_decl_file
	.short	564                             @ DW_AT_decl_line
	.long	525                             @ DW_AT_type
	.byte	22                              @ Abbrev [22] 0x2b6:0x10 DW_TAG_formal_parameter
	.long	.Ldebug_loc6                    @ DW_AT_location
	.long	.Linfo_string46                 @ DW_AT_name
	.byte	4                               @ DW_AT_decl_file
	.short	564                             @ DW_AT_decl_line
	.long	134                             @ DW_AT_type
	.byte	0                               @ End Of Children Mark
	.byte	23                              @ Abbrev [23] 0x2c7:0x11 DW_TAG_subprogram
	.long	.Lfunc_begin4                   @ DW_AT_low_pc
	.long	.Lfunc_end4-.Lfunc_begin4       @ DW_AT_high_pc
	.byte	1                               @ DW_AT_frame_base
	.byte	93
                                        @ DW_AT_GNU_all_call_sites
	.long	.Linfo_string38                 @ DW_AT_name
	.byte	2                               @ DW_AT_decl_file
	.byte	177                             @ DW_AT_decl_line
                                        @ DW_AT_prototyped
                                        @ DW_AT_external
	.byte	19                              @ Abbrev [19] 0x2d8:0x20 DW_TAG_subprogram
	.long	.Lfunc_begin5                   @ DW_AT_low_pc
	.long	.Lfunc_end5-.Lfunc_begin5       @ DW_AT_high_pc
	.byte	1                               @ DW_AT_frame_base
	.byte	93
                                        @ DW_AT_GNU_all_call_sites
	.long	.Linfo_string39                 @ DW_AT_name
	.byte	2                               @ DW_AT_decl_file
	.byte	204                             @ DW_AT_decl_line
                                        @ DW_AT_prototyped
                                        @ DW_AT_external
	.byte	24                              @ Abbrev [24] 0x2e9:0xe DW_TAG_variable
	.byte	2                               @ DW_AT_location
	.byte	145
	.byte	0
	.long	.Linfo_string47                 @ DW_AT_name
	.byte	2                               @ DW_AT_decl_file
	.byte	206                             @ DW_AT_decl_line
	.long	846                             @ DW_AT_type
	.byte	0                               @ End Of Children Mark
	.byte	21                              @ Abbrev [21] 0x2f8:0x56 DW_TAG_subprogram
	.long	.Lfunc_begin6                   @ DW_AT_low_pc
	.long	.Lfunc_end6-.Lfunc_begin6       @ DW_AT_high_pc
	.byte	1                               @ DW_AT_frame_base
	.byte	93
                                        @ DW_AT_GNU_all_call_sites
	.long	.Linfo_string40                 @ DW_AT_name
	.byte	4                               @ DW_AT_decl_file
	.short	580                             @ DW_AT_decl_line
                                        @ DW_AT_prototyped
	.byte	25                              @ Abbrev [25] 0x30a:0xd DW_TAG_formal_parameter
	.byte	0                               @ DW_AT_const_value
	.long	.Linfo_string49                 @ DW_AT_name
	.byte	4                               @ DW_AT_decl_file
	.short	580                             @ DW_AT_decl_line
	.long	60                              @ DW_AT_type
	.byte	26                              @ Abbrev [26] 0x317:0x10 DW_TAG_variable
	.long	.Ldebug_loc7                    @ DW_AT_location
	.long	.Linfo_string48                 @ DW_AT_name
	.byte	4                               @ DW_AT_decl_file
	.short	582                             @ DW_AT_decl_line
	.long	134                             @ DW_AT_type
	.byte	27                              @ Abbrev [27] 0x327:0x26 DW_TAG_lexical_block
	.long	.Ldebug_ranges0                 @ DW_AT_ranges
	.byte	26                              @ Abbrev [26] 0x32c:0x10 DW_TAG_variable
	.long	.Ldebug_loc8                    @ DW_AT_location
	.long	.Linfo_string50                 @ DW_AT_name
	.byte	4                               @ DW_AT_decl_file
	.short	587                             @ DW_AT_decl_line
	.long	134                             @ DW_AT_type
	.byte	26                              @ Abbrev [26] 0x33c:0x10 DW_TAG_variable
	.long	.Ldebug_loc9                    @ DW_AT_location
	.long	.Linfo_string51                 @ DW_AT_name
	.byte	4                               @ DW_AT_decl_file
	.short	586                             @ DW_AT_decl_line
	.long	134                             @ DW_AT_type
	.byte	0                               @ End Of Children Mark
	.byte	0                               @ End Of Children Mark
	.byte	7                               @ Abbrev [7] 0x34e:0xc DW_TAG_array_type
	.long	60                              @ DW_AT_type
	.byte	8                               @ Abbrev [8] 0x353:0x6 DW_TAG_subrange_type
	.long	110                             @ DW_AT_type
	.byte	8                               @ DW_AT_count
	.byte	0                               @ End Of Children Mark
	.byte	0                               @ End Of Children Mark
.Ldebug_info_end0:
	.section	.debug_ranges,"",%progbits
.Ldebug_ranges0:
	.long	.Ltmp83
	.long	.Ltmp84
	.long	.Ltmp85
	.long	.Ltmp89
	.long	0
	.long	0
.Ldebug_ranges1:
	.long	.Lfunc_begin0
	.long	.Lfunc_end0
	.long	.Lfunc_begin1
	.long	.Lfunc_end1
	.long	.Lfunc_begin2
	.long	.Lfunc_end2
	.long	.Lfunc_begin3
	.long	.Lfunc_end3
	.long	.Lfunc_begin4
	.long	.Lfunc_end4
	.long	.Lfunc_begin5
	.long	.Lfunc_end5
	.long	.Lfunc_begin6
	.long	.Lfunc_end6
	.long	0
	.long	0
	.section	.debug_str,"MS",%progbits,1
.Linfo_string0:
	.asciz	"Component: Arm Compiler for Embedded 6.18 Tool: armclang [5e4cca00]" @ string offset=0
.Linfo_string1:
	.asciz	"..\\hid_transfer.c"            @ string offset=68
.Linfo_string2:
	.asciz	"D:\\Github Projeleri\\Bootloader\\Nuvoton\\KEIL" @ string offset=86
.Linfo_string3:
	.asciz	"g_u8EP2Ready"                  @ string offset=130
.Linfo_string4:
	.asciz	"unsigned char"                 @ string offset=143
.Linfo_string5:
	.asciz	"uint8_t"                       @ string offset=157
.Linfo_string6:
	.asciz	"usb_rcvbuf"                    @ string offset=165
.Linfo_string7:
	.asciz	"__ARRAY_SIZE_TYPE__"           @ string offset=176
.Linfo_string8:
	.asciz	"bUsbDataReady"                 @ string offset=196
.Linfo_string9:
	.asciz	"unsigned int"                  @ string offset=210
.Linfo_string10:
	.asciz	"uint32_t"                      @ string offset=223
.Linfo_string11:
	.asciz	"INTEN"                         @ string offset=232
.Linfo_string12:
	.asciz	"INTSTS"                        @ string offset=238
.Linfo_string13:
	.asciz	"FADDR"                         @ string offset=245
.Linfo_string14:
	.asciz	"EPSTS"                         @ string offset=251
.Linfo_string15:
	.asciz	"ATTR"                          @ string offset=257
.Linfo_string16:
	.asciz	"VBUSDET"                       @ string offset=262
.Linfo_string17:
	.asciz	"STBUFSEG"                      @ string offset=270
.Linfo_string18:
	.asciz	"RESERVE0"                      @ string offset=279
.Linfo_string19:
	.asciz	"EPSTS0"                        @ string offset=288
.Linfo_string20:
	.asciz	"EPSTS1"                        @ string offset=295
.Linfo_string21:
	.asciz	"RESERVE1"                      @ string offset=302
.Linfo_string22:
	.asciz	"LPMATTR"                       @ string offset=311
.Linfo_string23:
	.asciz	"FN"                            @ string offset=319
.Linfo_string24:
	.asciz	"SE0"                           @ string offset=322
.Linfo_string25:
	.asciz	"BCDC"                          @ string offset=326
.Linfo_string26:
	.asciz	"RESERVE2"                      @ string offset=331
.Linfo_string27:
	.asciz	"EP"                            @ string offset=340
.Linfo_string28:
	.asciz	"BUFSEG"                        @ string offset=343
.Linfo_string29:
	.asciz	"MXPLD"                         @ string offset=350
.Linfo_string30:
	.asciz	"CFG"                           @ string offset=356
.Linfo_string31:
	.asciz	"CFGP"                          @ string offset=360
.Linfo_string32:
	.asciz	"USBD_EP_T"                     @ string offset=365
.Linfo_string33:
	.asciz	"USBD_T"                        @ string offset=375
.Linfo_string34:
	.asciz	"USBD_IRQHandler"               @ string offset=382
.Linfo_string35:
	.asciz	"EP3_Handler"                   @ string offset=398
.Linfo_string36:
	.asciz	"EP2_Handler"                   @ string offset=410
.Linfo_string37:
	.asciz	"USBD_MemCopy"                  @ string offset=422
.Linfo_string38:
	.asciz	"HID_Init"                      @ string offset=435
.Linfo_string39:
	.asciz	"HID_ClassRequest"              @ string offset=444
.Linfo_string40:
	.asciz	"USBD_SetStall"                 @ string offset=461
.Linfo_string41:
	.asciz	"u32IntSts"                     @ string offset=475
.Linfo_string42:
	.asciz	"u32State"                      @ string offset=485
.Linfo_string43:
	.asciz	"ptr"                           @ string offset=494
.Linfo_string44:
	.asciz	"dest"                          @ string offset=498
.Linfo_string45:
	.asciz	"src"                           @ string offset=503
.Linfo_string46:
	.asciz	"size"                          @ string offset=507
.Linfo_string47:
	.asciz	"buf"                           @ string offset=512
.Linfo_string48:
	.asciz	"i"                             @ string offset=516
.Linfo_string49:
	.asciz	"epnum"                         @ string offset=518
.Linfo_string50:
	.asciz	"u32Cfg"                        @ string offset=524
.Linfo_string51:
	.asciz	"u32CfgAddr"                    @ string offset=531
	.globl	bUsbDataReady
	.hidden	bUsbDataReady
.set bUsbDataReady, .L_MergedGlobals
	.size	bUsbDataReady, 1
	.globl	usb_rcvbuf
	.hidden	usb_rcvbuf
.set usb_rcvbuf, .L_MergedGlobals+4
	.size	usb_rcvbuf, 64
	.ident	"Component: Arm Compiler for Embedded 6.18 Tool: armclang [5e4cca00]"
	.section	".note.GNU-stack","",%progbits
	.eabi_attribute	30, 4	@ Tag_ABI_optimization_goals
	.ARM_attribute	16, 1	@ Tag_AV_eba
	.section	.debug_line,"",%progbits
.Lline_table_start0:
