Component: Arm Compiler for Embedded 6.18 Tool: armlink [5e4cc100]

==============================================================================

Small function inlining results

Inlined total of 0 calls.

==============================================================================

Memory Map of the image

  Image Entry point : 0x00000155

  Load Region LR_IROM (Base: 0x00000000, Size: 0x00000e38, Max: 0x00001000, ABSOLUTE)

    Execution Region ER_IROM (Exec base: 0x00000000, Load base: 0x00000000, Size: 0x00000d64, Max: 0x00001000, ABSOLUTE)

    Exec Addr    Load Addr    Size         Type   Attr      Idx    E Section Name        Object

    0x00000000   0x00000000   0x00000140   Data   RO            3    RESET               startup_m251_user.o
    0x00000140   0x00000140   0x00000000   Code   RO          180  * .ARM.Collect$$$$00000000  mc_p.l(entry.o)
    0x00000140   0x00000140   0x00000004   Code   RO          181    .ARM.Collect$$$$00000001  mc_p.l(entry2.o)
    0x00000144   0x00000144   0x00000004   Code   RO          184    .ARM.Collect$$$$00000004  mc_p.l(entry5.o)
    0x00000148   0x00000148   0x00000000   Code   RO          186    .ARM.Collect$$$$00000008  mc_p.l(entry7b.o)
    0x00000148   0x00000148   0x00000000   Code   RO          188    .ARM.Collect$$$$0000000A  mc_p.l(entry8b.o)
    0x00000148   0x00000148   0x00000008   Code   RO          189    .ARM.Collect$$$$0000000B  mc_p.l(entry9a.o)
    0x00000150   0x00000150   0x00000000   Code   RO          191    .ARM.Collect$$$$0000000D  mc_p.l(entry10a.o)
    0x00000150   0x00000150   0x00000000   Code   RO          193    .ARM.Collect$$$$0000000F  mc_p.l(entry11a.o)
    0x00000150   0x00000150   0x00000004   Code   RO          182    .ARM.Collect$$$$00002712  mc_p.l(entry2.o)
    0x00000154   0x00000154   0x00000050   Code   RO            4  * .text               startup_m251_user.o
    0x000001a4   0x000001a4   0x00000024   Code   RO          195    .text               mc_p.l(init.o)
    0x000001c8   0x000001c8   0x00000020   Code   RO           66    .text.EP2_Handler   hid_transfer.o
    0x000001e8   0x000001e8   0x00000028   Code   RO           64    .text.EP3_Handler   hid_transfer.o
    0x00000210   0x00000210   0x00000054   Code   RO           86    .text.FMC_Proc      fmc_user.o
    0x00000264   0x00000264   0x0000000c   Code   RO           90    .text.FMC_Read_User  fmc_user.o
    0x00000270   0x00000270   0x0000007c   Code   RO           44    .text.Flash_Read_8  main.o
    0x000002ec   0x000002ec   0x0000004c   Code   RO          100    .text.Flash_Sil     fmc_user.o
    0x00000338   0x00000338   0x000001d0   Code   RO          113    .text.GelenData     isp_user.o
    0x00000508   0x00000508   0x0000001a   Code   RO          129    .text.GetApromSize  targetdev.o
    0x00000522   0x00000522   0x00000002   PAD
    0x00000524   0x00000524   0x00000054   Code   RO          131    .text.GetDataFlashInfo  targetdev.o
    0x00000578   0x00000578   0x00000048   Code   RO           72    .text.HID_ClassRequest  hid_transfer.o
    0x000005c0   0x000005c0   0x00000038   Code   RO           70    .text.HID_Init      hid_transfer.o
    0x000005f8   0x000005f8   0x0000000c   Code   RO           94    .text.ReadData      fmc_user.o
    0x00000604   0x00000604   0x00000074   Code   RO           48    .text.SYS_Init      main.o
    0x00000678   0x00000678   0x00000024   Code   RO           13    .text.SystemInit    system_m251.o
    0x0000069c   0x0000069c   0x00000080   Code   RO          159    .text.USBD_CtrlIn   usbd_user.o
    0x0000071c   0x0000071c   0x00000040   Code   RO          161    .text.USBD_CtrlOut  usbd_user.o
    0x0000075c   0x0000075c   0x000000a8   Code   RO          153    .text.USBD_GetDescriptor  usbd_user.o
    0x00000804   0x00000804   0x0000000c   Code   RO          145    .text.USBD_GetSetupPacket  usbd_user.o
    0x00000810   0x00000810   0x000000d8   Code   RO           62    .text.USBD_IRQHandler  hid_transfer.o
    0x000008e8   0x000008e8   0x00000010   Code   RO           68    .text.USBD_MemCopy  hid_transfer.o
    0x000008f8   0x000008f8   0x00000010   Code   RO          147    .text.USBD_MemCopy  usbd_user.o
    0x00000908   0x00000908   0x00000028   Code   RO          141    .text.USBD_Open     usbd_user.o
    0x00000930   0x00000930   0x0000005c   Code   RO          155    .text.USBD_PrepareCtrlIn  usbd_user.o
    0x0000098c   0x0000098c   0x0000005c   Code   RO          149    .text.USBD_ProcessSetupPacket  usbd_user.o
    0x000009e8   0x000009e8   0x00000020   Code   RO           74    .text.USBD_SetStall  hid_transfer.o
    0x00000a08   0x00000a08   0x0000014c   Code   RO          151    .text.USBD_StandardRequest  usbd_user.o
    0x00000b54   0x00000b54   0x00000028   Code   RO          143    .text.USBD_Start    usbd_user.o
    0x00000b7c   0x00000b7c   0x0000003c   Code   RO          163    .text.USBD_SwReset  usbd_user.o
    0x00000bb8   0x00000bb8   0x0000001c   Code   RO           96    .text.WriteData     fmc_user.o
    0x00000bd4   0x00000bd4   0x00000134   Code   RO           50    .text.main          main.o
    0x00000d08   0x00000d08   0x0000000e   Code   RO          199    i.__scatterload_copy  mc_p.l(handlers.o)
    0x00000d16   0x00000d16   0x00000002   Code   RO          200    i.__scatterload_null  mc_p.l(handlers.o)
    0x00000d18   0x00000d18   0x0000000e   Code   RO          201    i.__scatterload_zeroinit  mc_p.l(handlers.o)
    0x00000d26   0x00000d26   0x00000002   PAD
    0x00000d28   0x00000d28   0x0000001c   Data   RO           38    .rodata.gsInfo      descriptors.o
    0x00000d44   0x00000d44   0x00000020   Data   RO          198    Region$$Table       anon$$obj.o


    Execution Region RW_IRAM (Exec base: 0x20000000, Load base: 0x00000d68, Size: 0x000007c0, Max: 0x00004000, ABSOLUTE)

    Exec Addr    Load Addr    Size         Type   Attr      Idx    E Section Name        Object

    0x20000000   0x00000d68   0x0000000c   Data   RW           18    .data..L_MergedGlobals  system_m251.o
    0x2000000c   0x00000d74   0x0000001d   Data   RW           27    .data.HID_DeviceReportDescriptor  descriptors.o
    0x20000029   0x00000d91   0x00000003   PAD
    0x2000002c   0x00000d94   0x00000004   Data   RW          171    .data.g_usbd_CtrlMaxPktSize  usbd_user.o
    0x20000030   0x00000d98   0x00000010   Data   RW           34    .data.gpu8UsbString  descriptors.o
    0x20000040   0x00000da8   0x0000000c   Data   RW           37    .data.gu32ConfigHidDescIdx  descriptors.o
    0x2000004c   0x00000db4   0x0000000c   Data   RW           36    .data.gu32UsbHidReportLen  descriptors.o
    0x20000058   0x00000dc0   0x0000000c   Data   RW           33    .data.gu8BOSDescriptor  descriptors.o
    0x20000064   0x00000dcc   0x00000029   Data   RW           29    .data.gu8ConfigDescriptor  descriptors.o
    0x2000008d   0x00000df5   0x00000012   Data   RW           28    .data.gu8DeviceDescriptor  descriptors.o
    0x2000009f   0x00000e07   0x00000014   Data   RW           32    .data.gu8ProductStringDesc  descriptors.o
    0x200000b3   0x00000e1b   0x00000004   Data   RW           30    .data.gu8StringLang  descriptors.o
    0x200000b7   0x00000e1f   0x00000001   PAD
    0x200000b8   0x00000e20   0x0000000c   Data   RW           35    .data.gu8UsbHidReport  descriptors.o
    0x200000c4   0x00000e2c   0x0000000a   Data   RW           31    .data.gu8VendorStringDesc  descriptors.o
    0x200000ce   0x00000e36   0x00000002   PAD
    0x200000d0        -       0x00000044   Zero   RW           77    .bss..L_MergedGlobals  hid_transfer.o
    0x20000114        -       0x0000005c   Zero   RW          121    .bss..L_MergedGlobals  isp_user.o
    0x20000170        -       0x00000040   Zero   RW          172    .bss..L_MergedGlobals  usbd_user.o
    0x200001b0        -       0x00000200   Zero   RW          116    .bss.CihazAyarBuffer  isp_user.o
    0x200003b0        -       0x00000004   Zero   RW          104    .bss.Forixt         fmc_user.o
    0x200003b4        -       0x00000004   Zero   RW          117    .bss.g_apromSize    isp_user.o
    0x200003b8        -       0x00000004   Zero   RW          118    .bss.g_dataFlashAddr  isp_user.o
    0x200003bc        -       0x00000004   Zero   RW          119    .bss.g_dataFlashSize  isp_user.o
    0x200003c0        -       0x00000400   Zero   RW            1    STACK               startup_m251_user.o


==============================================================================

Image component sizes


      Code (inc. data)   RO Data    RW Data    ZI Data      Debug   Object Name

         0          0         28        186          0       1333   descriptors.o
       212          4          0          0          4       3742   fmc_user.o
       464         32          0          0         68       3240   hid_transfer.o
       464         32          0          0        616       4643   isp_user.o
       548         96          0          0          0       5634   main.o
        80         22        320          0       1024        636   startup_m251_user.o
        36         12          0         12          0       4186   system_m251.o
       110          4          0          0          0       1120   targetdev.o
      1044         64          0          4         64       6743   usbd_user.o

    ----------------------------------------------------------------------
      2960        266        380        208       1776      31277   Object Totals
         0          0         32          0          0          0   (incl. Generated)
         2          0          0          6          0          0   (incl. Padding)

    ----------------------------------------------------------------------

      Code (inc. data)   RO Data    RW Data    ZI Data      Debug   Library Member Name

         0          0          0          0          0          0   entry.o
         0          0          0          0          0          0   entry10a.o
         0          0          0          0          0          0   entry11a.o
         8          4          0          0          0          0   entry2.o
         4          0          0          0          0          0   entry5.o
         0          0          0          0          0          0   entry7b.o
         0          0          0          0          0          0   entry8b.o
         8          4          0          0          0          0   entry9a.o
        30          0          0          0          0          0   handlers.o
        36          8          0          0          0         68   init.o

    ----------------------------------------------------------------------
        88         16          0          0          0         68   Library Totals
         2          0          0          0          0          0   (incl. Padding)

    ----------------------------------------------------------------------

      Code (inc. data)   RO Data    RW Data    ZI Data      Debug   Library Name

        86         16          0          0          0         68   mc_p.l

    ----------------------------------------------------------------------
        88         16          0          0          0         68   Library Totals

    ----------------------------------------------------------------------

==============================================================================


      Code (inc. data)   RO Data    RW Data    ZI Data      Debug   

      3048        282        380        208       1776      31377   Grand Totals
      3048        282        380        208       1776      31377   ELF Image Totals
      3048        282        380        208          0          0   ROM Totals

==============================================================================

    Total RO  Size (Code + RO Data)                 3428 (   3.35kB)
    Total RW  Size (RW Data + ZI Data)              1984 (   1.94kB)
    Total ROM Size (Code + RO Data + RW Data)       3636 (   3.55kB)

==============================================================================

