<html>
<body>
<pre>
<h1>µVision Build Log</h1>
<h2>Tool Versions:</h2>
IDE-Version: µVision V5.37.0.0
Copyright (C) 2022 ARM Ltd and ARM Germany GmbH. All rights reserved.
License Information: Hasan Atmaca, -, LIC=L96Y4-FV1P3-4G21S-ZHMCM-95MI8-36TFF
 
Tool Versions:
Toolchain:       MDK-ARM Cortex-M0/M23 for Nuvoton  Version: 5.37.0.0
Toolchain Path:  C:\Keil_v5\ARM\ARMCLANG\Bin
C Compiler:      ArmClang.exe V6.18
Assembler:       Armasm.exe V6.18
Linker/Locator:  ArmLink.exe V6.18
Library Manager: ArmAr.exe V6.18
Hex Converter:   FromElf.exe V6.18
CPU DLL:         
Dialog DLL:      
Target DLL:      NULink\Nu_Link.dll V3.09
Dialog DLL:      TCM.DLL V1.56.1.0
 
<h2>Project:</h2>
D:\Github Projeleri\Bootloader\Nuvoton\KEIL\Nuvoton Bootloader.uvprojx
Project File Date:  11/23/2022

<h2>Output:</h2>
*** Using Compiler 'V6.18', folder: 'C:\Keil_v5\ARM\ARMCLANG\Bin'
Build target 'Nuvoton Bootloader'
creating preprocessor file for targetdev.c...
creating preprocessor file for fmc_user.c...
compiling main.c...
creating preprocessor file for system_M251.c...
creating preprocessor file for hid_transfer.c...
creating preprocessor file for descriptors.c...
creating preprocessor file for main.c...
creating preprocessor file for isp_user.c...
creating preprocessor file for usbd_user.c...
creating list file for main.c...
linking...
Program Size: Code=3048 RO-data=380 RW-data=208 ZI-data=1776  
FromELF: creating hex file...
After Build - User command #1: fromelf --bin ".\obj\Nuvoton Bootloader.axf" --output ".\obj\Nuvoton Bootloader.bin"
After Build - User command #2: fromelf --text -c ".\obj\Nuvoton Bootloader.axf" --output ".\obj\Nuvoton Bootloader.txt"
".\obj\Nuvoton Bootloader.axf" - 0 Error(s), 0 Warning(s).

<h2>Software Packages used:</h2>

Package Vendor: ARM
                http://www.keil.com/pack/ARM.CMSIS.5.9.0.pack
                ARM.CMSIS.5.9.0
                CMSIS (Common Microcontroller Software Interface Standard)
   * Component: CORE Version: 5.6.0

Package Vendor: Nuvoton
                https://github.com/OpenNuvoton/cmsis-packs/raw/master/Nuvoton_DFP/Nuvoton.NuMicro_DFP.1.3.18.pack
                Nuvoton.NuMicro_DFP.1.3.18
                Nuvoton ARM Cortex-M NuMicro Family Device Support

<h2>Collection of Component include folders:</h2>
  ./RTE/_Nuvoton_Bootloader
  C:/Users/Hasan/AppData/Local/Arm/Packs/ARM/CMSIS/5.9.0/CMSIS/Core/Include
  C:/Users/Hasan/AppData/Local/Arm/Packs/Nuvoton/NuMicro_DFP/1.3.18/Device/M251/Include

<h2>Collection of Component Files used:</h2>

   * Component: ARM::CMSIS:CORE:5.6.0
Build Time Elapsed:  00:00:00
</pre>
</body>
</html>
